Archive member included to satisfy reference by file (symbol)

/opt/gcc-arm-none-eabi-7-2018-q2-update/bin/../lib/gcc/arm-none-eabi/7.3.1/../../../../arm-none-eabi/lib/thumb/v7e-m/fpv4-sp/hard/libc.a(lib_a-atof.o)
                              /Volumes/coding/aiit/gitlab/xiuos/APP_Framework/Applications/knowing_app/iris_ml_demo/iris_ml_demo.o (atof)
/opt/gcc-arm-none-eabi-7-2018-q2-update/bin/../lib/gcc/arm-none-eabi/7.3.1/../../../../arm-none-eabi/lib/thumb/v7e-m/fpv4-sp/hard/libc.a(lib_a-atoi.o)
                              build/kernel/components/finsh/finsh_token.o (atoi)
/opt/gcc-arm-none-eabi-7-2018-q2-update/bin/../lib/gcc/arm-none-eabi/7.3.1/../../../../arm-none-eabi/lib/thumb/v7e-m/fpv4-sp/hard/libc.a(lib_a-exit.o)
                              /opt/gcc-arm-none-eabi-7-2018-q2-update/bin/../lib/gcc/arm-none-eabi/7.3.1/../../../../arm-none-eabi/lib/thumb/v7e-m/fpv4-sp/hard/crt0.o (exit)
/opt/gcc-arm-none-eabi-7-2018-q2-update/bin/../lib/gcc/arm-none-eabi/7.3.1/../../../../arm-none-eabi/lib/thumb/v7e-m/fpv4-sp/hard/libc.a(lib_a-fclose.o)
                              build/kernel/components/libc/compilers/newlib/stdio.o (fclose)
/opt/gcc-arm-none-eabi-7-2018-q2-update/bin/../lib/gcc/arm-none-eabi/7.3.1/../../../../arm-none-eabi/lib/thumb/v7e-m/fpv4-sp/hard/libc.a(lib_a-fflush.o)
                              /opt/gcc-arm-none-eabi-7-2018-q2-update/bin/../lib/gcc/arm-none-eabi/7.3.1/../../../../arm-none-eabi/lib/thumb/v7e-m/fpv4-sp/hard/libc.a(lib_a-fclose.o) (__sflush_r)
/opt/gcc-arm-none-eabi-7-2018-q2-update/bin/../lib/gcc/arm-none-eabi/7.3.1/../../../../arm-none-eabi/lib/thumb/v7e-m/fpv4-sp/hard/libc.a(lib_a-fileno.o)
                              build/kernel/components/libc/compilers/newlib/stdio.o (fileno)
/opt/gcc-arm-none-eabi-7-2018-q2-update/bin/../lib/gcc/arm-none-eabi/7.3.1/../../../../arm-none-eabi/lib/thumb/v7e-m/fpv4-sp/hard/libc.a(lib_a-findfp.o)
                              /opt/gcc-arm-none-eabi-7-2018-q2-update/bin/../lib/gcc/arm-none-eabi/7.3.1/../../../../arm-none-eabi/lib/thumb/v7e-m/fpv4-sp/hard/libc.a(lib_a-fclose.o) (__sinit)
/opt/gcc-arm-none-eabi-7-2018-q2-update/bin/../lib/gcc/arm-none-eabi/7.3.1/../../../../arm-none-eabi/lib/thumb/v7e-m/fpv4-sp/hard/libc.a(lib_a-fopen.o)
                              build/kernel/components/libc/compilers/newlib/stdio.o (fopen)
/opt/gcc-arm-none-eabi-7-2018-q2-update/bin/../lib/gcc/arm-none-eabi/7.3.1/../../../../arm-none-eabi/lib/thumb/v7e-m/fpv4-sp/hard/libc.a(lib_a-fseek.o)
                              /opt/gcc-arm-none-eabi-7-2018-q2-update/bin/../lib/gcc/arm-none-eabi/7.3.1/../../../../arm-none-eabi/lib/thumb/v7e-m/fpv4-sp/hard/libc.a(lib_a-fopen.o) (_fseek_r)
/opt/gcc-arm-none-eabi-7-2018-q2-update/bin/../lib/gcc/arm-none-eabi/7.3.1/../../../../arm-none-eabi/lib/thumb/v7e-m/fpv4-sp/hard/libc.a(lib_a-fseeko.o)
                              /opt/gcc-arm-none-eabi-7-2018-q2-update/bin/../lib/gcc/arm-none-eabi/7.3.1/../../../../arm-none-eabi/lib/thumb/v7e-m/fpv4-sp/hard/libc.a(lib_a-fseek.o) (_fseeko_r)
/opt/gcc-arm-none-eabi-7-2018-q2-update/bin/../lib/gcc/arm-none-eabi/7.3.1/../../../../arm-none-eabi/lib/thumb/v7e-m/fpv4-sp/hard/libc.a(lib_a-fwalk.o)
                              /opt/gcc-arm-none-eabi-7-2018-q2-update/bin/../lib/gcc/arm-none-eabi/7.3.1/../../../../arm-none-eabi/lib/thumb/v7e-m/fpv4-sp/hard/libc.a(lib_a-findfp.o) (_fwalk)
/opt/gcc-arm-none-eabi-7-2018-q2-update/bin/../lib/gcc/arm-none-eabi/7.3.1/../../../../arm-none-eabi/lib/thumb/v7e-m/fpv4-sp/hard/libc.a(lib_a-getchar.o)
                              build/kernel/components/finsh/shell.o (getchar)
/opt/gcc-arm-none-eabi-7-2018-q2-update/bin/../lib/gcc/arm-none-eabi/7.3.1/../../../../arm-none-eabi/lib/thumb/v7e-m/fpv4-sp/hard/libc.a(lib_a-impure.o)
                              build/kernel/components/libc/compilers/newlib/stdio.o (_global_impure_ptr)
/opt/gcc-arm-none-eabi-7-2018-q2-update/bin/../lib/gcc/arm-none-eabi/7.3.1/../../../../arm-none-eabi/lib/thumb/v7e-m/fpv4-sp/hard/libc.a(lib_a-lock.o)
                              /opt/gcc-arm-none-eabi-7-2018-q2-update/bin/../lib/gcc/arm-none-eabi/7.3.1/../../../../arm-none-eabi/lib/thumb/v7e-m/fpv4-sp/hard/libc.a(lib_a-findfp.o) (__retarget_lock_init_recursive)
/opt/gcc-arm-none-eabi-7-2018-q2-update/bin/../lib/gcc/arm-none-eabi/7.3.1/../../../../arm-none-eabi/lib/thumb/v7e-m/fpv4-sp/hard/libc.a(lib_a-makebuf.o)
                              /opt/gcc-arm-none-eabi-7-2018-q2-update/bin/../lib/gcc/arm-none-eabi/7.3.1/../../../../arm-none-eabi/lib/thumb/v7e-m/fpv4-sp/hard/libc.a(lib_a-fseeko.o) (__smakebuf_r)
/opt/gcc-arm-none-eabi-7-2018-q2-update/bin/../lib/gcc/arm-none-eabi/7.3.1/../../../../arm-none-eabi/lib/thumb/v7e-m/fpv4-sp/hard/libc.a(lib_a-memcmp.o)
                              build/kernel/components/finsh/shell.o (memcmp)
/opt/gcc-arm-none-eabi-7-2018-q2-update/bin/../lib/gcc/arm-none-eabi/7.3.1/../../../../arm-none-eabi/lib/thumb/v7e-m/fpv4-sp/hard/libc.a(lib_a-memcpy.o)
[...]
Memory Configuration

Name             Origin             Length             Attributes
CODE             0x0000000008000000 0x0000000000100000 xr
RAM1             0x0000000020000000 0x0000000000020000 rw
RAM2             0x0000000010000000 0x0000000000010000 rw
*default*        0x0000000000000000 0xffffffffffffffff

Linker script and memory map

LOAD /opt/gcc-arm-none-eabi-7-2018-q2-update/bin/../lib/gcc/arm-none-eabi/7.3.1/thumb/v7e-m/fpv4-sp/hard/crti.o
LOAD /opt/gcc-arm-none-eabi-7-2018-q2-update/bin/../lib/gcc/arm-none-eabi/7.3.1/thumb/v7e-m/fpv4-sp/hard/crtbegin.o
LOAD /opt/gcc-arm-none-eabi-7-2018-q2-update/bin/../lib/gcc/arm-none-eabi/7.3.1/../../../../arm-none-eabi/lib/thumb/v7e-m/fpv4-sp/hard/crt0.o
LOAD /Volumes/coding/aiit/gitlab/xiuos/Ubiquitous/RT_Thread/rt-thread/bsp/stm32/libraries/STM32F4xx_HAL/STM32F4xx_HAL_Driver/Src/stm32f4xx_hal_dcmi.o
LOAD build/board/ports/sdcard_port.o
LOAD build/board/ports/drv_sram.o
LOAD /Volumes/coding/aiit/gitlab/xiuos/Ubiquitous/RT_Thread/rt-thread/bsp/stm32/libraries/STM32F4xx_HAL/CMSIS/Device/ST/STM32F4xx/Source/Templates/gcc/startup_stm32f407xx.o
LOAD build/board/drv_dcmi.o
LOAD build/board/board.o
LOAD build/board/CubeMX_Config/Src/stm32f4xx_hal_msp.o
LOAD build/kernel/src/mem.o
LOAD build/kernel/src/scheduler.o
LOAD build/kernel/src/timer.o
LOAD build/kernel/src/mempool.o
LOAD build/kernel/src/thread.o
LOAD build/kernel/src/idle.o
LOAD build/kernel/src/object.o
LOAD build/kernel/src/kservice.o
LOAD build/kernel/src/clock.o
LOAD build/kernel/src/components.o
LOAD build/kernel/src/irq.o
LOAD build/kernel/src/ipc.o
LOAD build/kernel/src/device.o
LOAD build/kernel/libcpu/arm/common/div0.o
LOAD build/kernel/libcpu/arm/common/backtrace.o
LOAD build/kernel/libcpu/arm/common/showmem.o
LOAD build/kernel/libcpu/arm/cortex-m4/context_gcc.o
LOAD build/kernel/libcpu/arm/cortex-m4/cpuport.o
LOAD build/kernel/components/libc/compilers/newlib/stdio.o
LOAD build/kernel/components/libc/compilers/newlib/syscalls.o
LOAD build/kernel/components/libc/compilers/newlib/libc.o
LOAD build/kernel/components/libc/compilers/common/stdlib.o
LOAD build/kernel/components/libc/compilers/common/time.o
LOAD build/kernel/components/libc/compilers/common/unistd.o
LOAD build/kernel/components/dfs/src/dfs_fs.o
LOAD build/kernel/components/dfs/src/dfs_file.o
LOAD build/kernel/components/dfs/src/poll.o
LOAD build/kernel/components/dfs/src/dfs.o
LOAD build/kernel/components/dfs/src/select.o
LOAD build/kernel/components/dfs/src/dfs_posix.o
LOAD build/kernel/components/dfs/filesystems/elmfat/ffunicode.o
LOAD build/kernel/components/dfs/filesystems/elmfat/dfs_elm.o
LOAD build/kernel/components/dfs/filesystems/elmfat/ff.o
LOAD build/kernel/components/dfs/filesystems/devfs/devfs.o
LOAD build/kernel/components/finsh/finsh_error.o
LOAD build/kernel/components/finsh/finsh_vm.o
LOAD build/kernel/components/finsh/finsh_var.o
LOAD build/kernel/components/finsh/finsh_compiler.o
LOAD build/kernel/components/finsh/finsh_token.o
LOAD build/kernel/components/finsh/finsh_heap.o
LOAD build/kernel/components/finsh/msh_file.o
LOAD build/kernel/components/finsh/finsh_init.o
LOAD build/kernel/components/finsh/cmd.o
LOAD build/kernel/components/finsh/msh.o
LOAD build/kernel/components/finsh/finsh_ops.o
LOAD build/kernel/components/finsh/finsh_node.o
LOAD build/kernel/components/finsh/finsh_parser.o
LOAD build/kernel/components/finsh/shell.o
LOAD /Volumes/coding/aiit/gitlab/xiuos/Ubiquitous/RT_Thread/rt-thread/bsp/stm32/libraries/STM32F4xx_HAL/STM32F4xx_HAL_Driver/Src/stm32f4xx_hal_rng.o
LOAD /Volumes/coding/aiit/gitlab/xiuos/Ubiquitous/RT_Thread/rt-thread/bsp/stm32/libraries/STM32F4xx_HAL/STM32F4xx_HAL_Driver/Src/stm32f4xx_hal_dma_ex.o
LOAD /Volumes/coding/aiit/gitlab/xiuos/Ubiquitous/RT_Thread/rt-thread/bsp/stm32/libraries/STM32F4xx_HAL/STM32F4xx_HAL_Driver/Src/stm32f4xx_ll_fsmc.o
LOAD /Volumes/coding/aiit/gitlab/xiuos/Ubiquitous/RT_Thread/rt-thread/bsp/stm32/libraries/STM32F4xx_HAL/STM32F4xx_HAL_Driver/Src/stm32f4xx_hal_uart.o
LOAD /Volumes/coding/aiit/gitlab/xiuos/Ubiquitous/RT_Thread/rt-thread/bsp/stm32/libraries/STM32F4xx_HAL/STM32F4xx_HAL_Driver/Src/stm32f4xx_hal_gpio.o
LOAD /Volumes/coding/aiit/gitlab/xiuos/Ubiquitous/RT_Thread/rt-thread/bsp/stm32/libraries/STM32F4xx_HAL/STM32F4xx_HAL_Driver/Src/stm32f4xx_hal_pwr.o
LOAD /Volumes/coding/aiit/gitlab/xiuos/Ubiquitous/RT_Thread/rt-thread/bsp/stm32/libraries/STM32F4xx_HAL/STM32F4xx_HAL_Driver/Src/stm32f4xx_hal_usart.o
LOAD /Volumes/coding/aiit/gitlab/xiuos/Ubiquitous/RT_Thread/rt-thread/bsp/stm32/libraries/STM32F4xx_HAL/STM32F4xx_HAL_Driver/Src/stm32f4xx_hal_cec.o
LOAD /Volumes/coding/aiit/gitlab/xiuos/Ubiquitous/RT_Thread/rt-thread/bsp/stm32/libraries/STM32F4xx_HAL/STM32F4xx_HAL_Driver/Src/stm32f4xx_hal_cryp.o
LOAD /Volumes/coding/aiit/gitlab/xiuos/Ubiquitous/RT_Thread/rt-thread/bsp/stm32/libraries/STM32F4xx_HAL/STM32F4xx_HAL_Driver/Src/stm32f4xx_hal.o
LOAD /Volumes/coding/aiit/gitlab/xiuos/Ubiquitous/RT_Thread/rt-thread/bsp/stm32/libraries/STM32F4xx_HAL/STM32F4xx_HAL_Driver/Src/stm32f4xx_hal_crc.o
LOAD /Volumes/coding/aiit/gitlab/xiuos/Ubiquitous/RT_Thread/rt-thread/bsp/stm32/libraries/STM32F4xx_HAL/STM32F4xx_HAL_Driver/Src/stm32f4xx_hal_spi.o
LOAD /Volumes/coding/aiit/gitlab/xiuos/Ubiquitous/RT_Thread/rt-thread/bsp/stm32/libraries/STM32F4xx_HAL/STM32F4xx_HAL_Driver/Src/stm32f4xx_hal_i2c_ex.o
LOAD /Volumes/coding/aiit/gitlab/xiuos/Ubiquitous/RT_Thread/rt-thread/bsp/stm32/libraries/STM32F4xx_HAL/STM32F4xx_HAL_Driver/Src/stm32f4xx_hal_i2c.o
LOAD /Volumes/coding/aiit/gitlab/xiuos/Ubiquitous/RT_Thread/rt-thread/bsp/stm32/libraries/STM32F4xx_HAL/STM32F4xx_HAL_Driver/Src/stm32f4xx_hal_dma.o
LOAD /Volumes/coding/aiit/gitlab/xiuos/Ubiquitous/RT_Thread/rt-thread/bsp/stm32/libraries/STM32F4xx_HAL/STM32F4xx_HAL_Driver/Src/stm32f4xx_hal_qspi.o
LOAD /Volumes/coding/aiit/gitlab/xiuos/Ubiquitous/RT_Thread/rt-thread/bsp/stm32/libraries/STM32F4xx_HAL/STM32F4xx_HAL_Driver/Src/stm32f4xx_ll_fmc.o
LOAD /Volumes/coding/aiit/gitlab/xiuos/Ubiquitous/RT_Thread/rt-thread/bsp/stm32/libraries/STM32F4xx_HAL/STM32F4xx_HAL_Driver/Src/stm32f4xx_hal_cryp_ex.o
LOAD /Volumes/coding/aiit/gitlab/xiuos/Ubiquitous/RT_Thread/rt-thread/bsp/stm32/libraries/STM32F4xx_HAL/CMSIS/Device/ST/STM32F4xx/Source/Templates/system_stm32f4xx.o
LOAD /Volumes/coding/aiit/gitlab/xiuos/Ubiquitous/RT_Thread/rt-thread/bsp/stm32/libraries/STM32F4xx_HAL/STM32F4xx_HAL_Driver/Src/stm32f4xx_hal_rcc_ex.o
LOAD /Volumes/coding/aiit/gitlab/xiuos/Ubiquitous/RT_Thread/rt-thread/bsp/stm32/libraries/STM32F4xx_HAL/STM32F4xx_HAL_Driver/Src/stm32f4xx_hal_rcc.o
LOAD /Volumes/coding/aiit/gitlab/xiuos/Ubiquitous/RT_Thread/rt-thread/bsp/stm32/libraries/STM32F4xx_HAL/STM32F4xx_HAL_Driver/Src/stm32f4xx_hal_sram.o
LOAD /Volumes/coding/aiit/gitlab/xiuos/Ubiquitous/RT_Thread/rt-thread/bsp/stm32/libraries/STM32F4xx_HAL/STM32F4xx_HAL_Driver/Src/stm32f4xx_hal_cortex.o
LOAD /Volumes/coding/aiit/gitlab/xiuos/Ubiquitous/RT_Thread/rt-thread/bsp/stm32/libraries/STM32F4xx_HAL/STM32F4xx_HAL_Driver/Src/stm32f4xx_hal_pwr_ex.o
LOAD /Volumes/coding/aiit/gitlab/xiuos/Ubiquitous/RT_Thread/rt-thread/bsp/stm32/libraries/HAL_Drivers/drv_common.o
LOAD /Volumes/coding/aiit/gitlab/xiuos/Ubiquitous/RT_Thread/rt-thread/bsp/stm32/libraries/HAL_Drivers/drv_gpio.o
LOAD /Volumes/coding/aiit/gitlab/xiuos/Ubiquitous/RT_Thread/rt-thread/bsp/stm32/libraries/HAL_Drivers/drv_soft_i2c.o
LOAD /Volumes/coding/aiit/gitlab/xiuos/Ubiquitous/RT_Thread/rt-thread/bsp/stm32/libraries/HAL_Drivers/drv_spi.o
LOAD /Volumes/coding/aiit/gitlab/xiuos/Ubiquitous/RT_Thread/rt-thread/bsp/stm32/libraries/HAL_Drivers/drv_usart.o
LOAD build/applications/main.o
LOAD /Volumes/coding/aiit/gitlab/xiuos/APP_Framework/Applications/knowing_app/iris_ml_demo/iris_ml_demo.o
LOAD build/kernel/components/drivers/misc/pin.o
LOAD build/kernel/components/drivers/i2c/i2c_core.o
LOAD build/kernel/components/drivers/i2c/i2c-bit-ops.o
LOAD build/kernel/components/drivers/i2c/i2c_dev.o
LOAD build/kernel/components/drivers/spi/spi_dev.o
LOAD build/kernel/components/drivers/spi/spi_msd.o
LOAD build/kernel/components/drivers/spi/spi_core.o
LOAD build/kernel/components/drivers/serial/serial.o
LOAD build/kernel/components/drivers/src/dataqueue.o
LOAD build/kernel/components/drivers/src/completion.o
LOAD build/kernel/components/drivers/src/waitqueue.o
LOAD build/kernel/components/drivers/src/ringblk_buf.o
LOAD build/kernel/components/drivers/src/workqueue.o
LOAD build/kernel/components/drivers/src/ringbuffer.o
LOAD build/kernel/components/drivers/src/pipe.o
LOAD /opt/gcc-arm-none-eabi-7-2018-q2-update/bin/../lib/gcc/arm-none-eabi/7.3.1/../../../../arm-none-eabi/lib/thumb/v7e-m/fpv4-sp/hard/libc.a
LOAD /opt/gcc-arm-none-eabi-7-2018-q2-update/bin/../lib/gcc/arm-none-eabi/7.3.1/../../../../arm-none-eabi/lib/thumb/v7e-m/fpv4-sp/hard/libm.a
START GROUP
LOAD /opt/gcc-arm-none-eabi-7-2018-q2-update/bin/../lib/gcc/arm-none-eabi/7.3.1/thumb/v7e-m/fpv4-sp/hard/libgcc.a
LOAD /opt/gcc-arm-none-eabi-7-2018-q2-update/bin/../lib/gcc/arm-none-eabi/7.3.1/../../../../arm-none-eabi/lib/thumb/v7e-m/fpv4-sp/hard/libc.a
END GROUP
LOAD /opt/gcc-arm-none-eabi-7-2018-q2-update/bin/../lib/gcc/arm-none-eabi/7.3.1/thumb/v7e-m/fpv4-sp/hard/crtend.o
LOAD /opt/gcc-arm-none-eabi-7-2018-q2-update/bin/../lib/gcc/arm-none-eabi/7.3.1/thumb/v7e-m/fpv4-sp/hard/crtn.o
                0x0000000000000200                _system_stack_size = 0x200

.text           0x0000000008000000    0x32030
                0x0000000008000000                . = ALIGN (0x4)
                0x0000000008000000                _stext = .
 *(.isr_vector)
 .isr_vector    0x0000000008000000      0x188 /Volumes/coding/aiit/gitlab/xiuos/Ubiquitous/RT_Thread/rt-thread/bsp/stm32/libraries/STM32F4xx_HAL/CMSIS/Device/ST/STM32F4xx/Source/Templates/gcc/startup_stm32f407xx.o
                0x0000000008000000                g_pfnVectors
                0x0000000008000188                . = ALIGN (0x4)
 *(.text)
 .text          0x0000000008000188       0x40 /opt/gcc-arm-none-eabi-7-2018-q2-update/bin/../lib/gcc/arm-none-eabi/7.3.1/thumb/v7e-m/fpv4-sp/hard/crtbegin.o
 .text          0x00000000080001c8      0x13c build/kernel/libcpu/arm/cortex-m4/context_gcc.o
                0x00000000080001c8                rt_hw_interrupt_disable
                0x00000000080001d0                rt_hw_interrupt_enable
                0x00000000080001d6                rt_hw_context_switch
                0x00000000080001d6                rt_hw_context_switch_interrupt
                0x00000000080001f6                PendSV_Handler
                0x0000000008000262                rt_hw_context_switch_to
                0x00000000080002a8                rt_hw_interrupt_thread_switch
                0x00000000080002ac                HardFault_Handler
 .text          0x0000000008000304      0x134 /opt/gcc-arm-none-eabi-7-2018-q2-update/bin/../lib/gcc/arm-none-eabi/7.3.1/../../../../arm-none-eabi/lib/thumb/v7e-m/fpv4-sp/hard/libc.a(lib_a-memcpy.o)
                0x0000000008000304                memcpy
 *fill*         0x0000000008000438        0x8 00000000
 .text          0x0000000008000440      0x2dc /opt/gcc-arm-none-eabi-7-2018-q2-update/bin/../lib/gcc/arm-none-eabi/7.3.1/../../../../arm-none-eabi/lib/thumb/v7e-m/fpv4-sp/hard/libc.a(lib_a-strcmp.o)
                0x0000000008000448                strcmp
 *fill*         0x000000000800071c       0x24 00000000
 .text          0x0000000008000740       0xdc /opt/gcc-arm-none-eabi-7-2018-q2-update/bin/../lib/gcc/arm-none-eabi/7.3.1/../../../../arm-none-eabi/lib/thumb/v7e-m/fpv4-sp/hard/libc.a(lib_a-strlen.o)
                0x0000000008000740                strlen
 *fill*         0x000000000800081c        0x4 00000000
 .text          0x0000000008000820       0xa0 /opt/gcc-arm-none-eabi-7-2018-q2-update/bin/../lib/gcc/arm-none-eabi/7.3.1/../../../../arm-none-eabi/lib/thumb/v7e-m/fpv4-sp/hard/libc.a(lib_a-memchr.o)
                0x0000000008000820                memchr
 .text          0x00000000080008c0      0x378 /opt/gcc-arm-none-eabi-7-2018-q2-update/bin/../lib/gcc/arm-none-eabi/7.3.1/thumb/v7e-m/fpv4-sp/hard/libgcc.a(_arm_addsubdf3.o)
                0x00000000080008c0                __aeabi_drsub
                0x00000000080008c8                __subdf3
                0x00000000080008c8                __aeabi_dsub
                0x00000000080008cc                __aeabi_dadd
                0x00000000080008cc                __adddf3
                0x0000000008000b44                __aeabi_ui2d
                0x0000000008000b44                __floatunsidf
                0x0000000008000b64                __floatsidf
                0x0000000008000b64                __aeabi_i2d
                0x0000000008000b88                __extendsfdf2
                0x0000000008000b88                __aeabi_f2d
                0x0000000008000bcc                __aeabi_ul2d
                0x0000000008000bcc                __floatundidf
                0x0000000008000bdc                __aeabi_l2d
                0x0000000008000bdc                __floatdidf
 .text          0x0000000008000c38      0x424 /opt/gcc-arm-none-eabi-7-2018-q2-update/bin/../lib/gcc/arm-none-eabi/7.3.1/thumb/v7e-m/fpv4-sp/hard/libgcc.a(_arm_muldivdf3.o)
                0x0000000008000c38                __aeabi_dmul
                0x0000000008000c38                __muldf3
                0x0000000008000e8c                __aeabi_ddiv
                0x0000000008000e8c                __divdf3
 .text          0x000000000800105c      0x110 /opt/gcc-arm-none-eabi-7-2018-q2-update/bin/../lib/gcc/arm-none-eabi/7.3.1/thumb/v7e-m/fpv4-sp/hard/libgcc.a(_arm_cmpdf2.o)
                0x000000000800105c                __gedf2
                0x000000000800105c                __gtdf2
                0x0000000008001064                __ledf2
                0x0000000008001064                __ltdf2
                0x000000000800106c                __cmpdf2
                0x000000000800106c                __eqdf2
                0x000000000800106c                __nedf2
                0x00000000080010e8                __aeabi_cdrcmple
                0x00000000080010f8                __aeabi_cdcmple
                0x00000000080010f8                __aeabi_cdcmpeq
                0x0000000008001108                __aeabi_dcmpeq
                0x000000000800111c                __aeabi_dcmplt
                0x0000000008001130                __aeabi_dcmple
                0x0000000008001144                __aeabi_dcmpge
                0x0000000008001158                __aeabi_dcmpgt
 .text          0x000000000800116c       0x2c /opt/gcc-arm-none-eabi-7-2018-q2-update/bin/../lib/gcc/arm-none-eabi/7.3.1/thumb/v7e-m/fpv4-sp/hard/libgcc.a(_arm_unorddf2.o)
                0x000000000800116c                __aeabi_dcmpun
                0x000000000800116c                __unorddf2
 .text          0x0000000008001198       0x50 /opt/gcc-arm-none-eabi-7-2018-q2-update/bin/../lib/gcc/arm-none-eabi/7.3.1/thumb/v7e-m/fpv4-sp/hard/libgcc.a(_arm_fixdfsi.o)
                0x0000000008001198                __fixdfsi
                0x0000000008001198                __aeabi_d2iz
 .text          0x00000000080011e8       0x40 /opt/gcc-arm-none-eabi-7-2018-q2-update/bin/../lib/gcc/arm-none-eabi/7.3.1/thumb/v7e-m/fpv4-sp/hard/libgcc.a(_arm_fixunsdfsi.o)
                0x00000000080011e8                __fixunsdfsi
                0x00000000080011e8                __aeabi_d2uiz
 .text          0x0000000008001228       0xa0 /opt/gcc-arm-none-eabi-7-2018-q2-update/bin/../lib/gcc/arm-none-eabi/7.3.1/thumb/v7e-m/fpv4-sp/hard/libgcc.a(_arm_truncdfsf2.o)
                0x0000000008001228                __aeabi_d2f
                0x0000000008001228                __truncdfsf2
 .text          0x00000000080012c8       0xa0 /opt/gcc-arm-none-eabi-7-2018-q2-update/bin/../lib/gcc/arm-none-eabi/7.3.1/thumb/v7e-m/fpv4-sp/hard/libgcc.a(_aeabi_ldivmod.o)
                0x00000000080012c8                __aeabi_ldivmod
 .text          0x0000000008001368       0x30 /opt/gcc-arm-none-eabi-7-2018-q2-update/bin/../lib/gcc/arm-none-eabi/7.3.1/thumb/v7e-m/fpv4-sp/hard/libgcc.a(_aeabi_uldivmod.o)
                0x0000000008001368                __aeabi_uldivmod
 .text          0x0000000008001398      0x2cc /opt/gcc-arm-none-eabi-7-2018-q2-update/bin/../lib/gcc/arm-none-eabi/7.3.1/thumb/v7e-m/fpv4-sp/hard/libgcc.a(_udivmoddi4.o)
                0x0000000008001398                __udivmoddi4
 .text          0x0000000008001664        0x4 /opt/gcc-arm-none-eabi-7-2018-q2-update/bin/../lib/gcc/arm-none-eabi/7.3.1/thumb/v7e-m/fpv4-sp/hard/libgcc.a(_dvmd_tls.o)
                0x0000000008001664                __aeabi_ldiv0
                0x0000000008001664                __aeabi_idiv0
 *(.text.*)
 .text.HAL_DCMI_Init
                0x0000000008001668       0xda /Volumes/coding/aiit/gitlab/xiuos/Ubiquitous/RT_Thread/rt-thread/bsp/stm32/libraries/STM32F4xx_HAL/STM32F4xx_HAL_Driver/Src/stm32f4xx_hal_dcmi.o
                0x0000000008001668                HAL_DCMI_Init
 *fill*         0x0000000008001742        0x2 00000000
 .text.HAL_DCMI_Stop
                0x0000000008001744       0xb8 /Volumes/coding/aiit/gitlab/xiuos/Ubiquitous/RT_Thread/rt-thread/bsp/stm32/libraries/STM32F4xx_HAL/STM32F4xx_HAL_Driver/Src/stm32f4xx_hal_dcmi.o
                0x0000000008001744                HAL_DCMI_Stop
 .text.HAL_DCMI_IRQHandler
                0x00000000080017fc       0xfc /Volumes/coding/aiit/gitlab/xiuos/Ubiquitous/RT_Thread/rt-thread/bsp/stm32/libraries/STM32F4xx_HAL/STM32F4xx_HAL_Driver/Src/stm32f4xx_hal_dcmi.o
                0x00000000080017fc                HAL_DCMI_IRQHandler
 .text.HAL_DCMI_ErrorCallback
                0x00000000080018f8       0x14 /Volumes/coding/aiit/gitlab/xiuos/Ubiquitous/RT_Thread/rt-thread/bsp/stm32/libraries/STM32F4xx_HAL/STM32F4xx_HAL_Driver/Src/stm32f4xx_hal_dcmi.o
                0x00000000080018f8                HAL_DCMI_ErrorCallback
 .text.HAL_DCMI_LineEventCallback
                0x000000000800190c       0x14 /Volumes/coding/aiit/gitlab/xiuos/Ubiquitous/RT_Thread/rt-thread/bsp/stm32/libraries/STM32F4xx_HAL/STM32F4xx_HAL_Driver/Src/stm32f4xx_hal_dcmi.o
                0x000000000800190c                HAL_DCMI_LineEventCallback
 .text.HAL_DCMI_VsyncEventCallback
                0x0000000008001920       0x14 /Volumes/coding/aiit/gitlab/xiuos/Ubiquitous/RT_Thread/rt-thread/bsp/stm32/libraries/STM32F4xx_HAL/STM32F4xx_HAL_Driver/Src/stm32f4xx_hal_dcmi.o
                0x0000000008001920                HAL_DCMI_VsyncEventCallback
 .text.DCMI_DMAError
                0x0000000008001934       0x2e /Volumes/coding/aiit/gitlab/xiuos/Ubiquitous/RT_Thread/rt-thread/bsp/stm32/libraries/STM32F4xx_HAL/STM32F4xx_HAL_Driver/Src/stm32f4xx_hal_dcmi.o
 *fill*         0x0000000008001962        0x2 00000000
 .text.sd_mount
                0x0000000008001964       0xc4 build/board/ports/sdcard_port.o
                0x0000000008001964                sd_mount
 .text.rt_hw_sram_init
                0x0000000008001a28      0x10c build/board/ports/drv_sram.o
 .text.sram_test
                0x0000000008001b34      0x150 build/board/ports/drv_sram.o
 .text.sram_test2
                0x0000000008001c84       0x64 build/board/ports/drv_sram.o
 .text.Reset_Handler
                0x0000000008001ce8       0x4c /Volumes/coding/aiit/gitlab/xiuos/Ubiquitous/RT_Thread/rt-thread/bsp/stm32/libraries/STM32F4xx_HAL/CMSIS/Device/ST/STM32F4xx/Source/Templates/gcc/startup_stm32f407xx.o
                0x0000000008001ce8                Reset_Handler
 .text.Default_Handler
                0x0000000008001d34        0x2 /Volumes/coding/aiit/gitlab/xiuos/Ubiquitous/RT_Thread/rt-thread/bsp/stm32/libraries/STM32F4xx_HAL/CMSIS/Device/ST/STM32F4xx/Source/Templates/gcc/startup_stm32f407xx.o
                0x0000000008001d34                DMA1_Stream3_IRQHandler
                0x0000000008001d34                HASH_RNG_IRQHandler
                0x0000000008001d34                TIM8_CC_IRQHandler
                0x0000000008001d34                DebugMon_Handler
                0x0000000008001d34                TIM1_CC_IRQHandler
                0x0000000008001d34                DMA2_Stream5_IRQHandler
                0x0000000008001d34                DMA1_Stream5_IRQHandler
                0x0000000008001d34                PVD_IRQHandler
                0x0000000008001d34                SDIO_IRQHandler
                0x0000000008001d34                TAMP_STAMP_IRQHandler
                0x0000000008001d34                NMI_Handler
                0x0000000008001d34                CAN2_RX1_IRQHandler
                0x0000000008001d34                TIM8_TRG_COM_TIM14_IRQHandler
                0x0000000008001d34                TIM1_UP_TIM10_IRQHandler
                0x0000000008001d34                TIM8_UP_TIM13_IRQHandler
                0x0000000008001d34                I2C3_ER_IRQHandler
                0x0000000008001d34                I2C2_EV_IRQHandler
                0x0000000008001d34                DMA1_Stream2_IRQHandler
                0x0000000008001d34                CAN1_RX0_IRQHandler
                0x0000000008001d34                FPU_IRQHandler
                0x0000000008001d34                OTG_HS_WKUP_IRQHandler
                0x0000000008001d34                UsageFault_Handler
                0x0000000008001d34                CAN2_SCE_IRQHandler
                0x0000000008001d34                DMA2_Stream2_IRQHandler
                0x0000000008001d34                SPI1_IRQHandler
                0x0000000008001d34                TIM6_DAC_IRQHandler
                0x0000000008001d34                TIM1_BRK_TIM9_IRQHandler
                0x0000000008001d34                CAN2_RX0_IRQHandler
                0x0000000008001d34                DMA2_Stream3_IRQHandler
                0x0000000008001d34                USART6_IRQHandler
                0x0000000008001d34                USART3_IRQHandler
                0x0000000008001d34                CAN1_RX1_IRQHandler
                0x0000000008001d34                UART5_IRQHandler
                0x0000000008001d34                DMA2_Stream0_IRQHandler
                0x0000000008001d34                TIM4_IRQHandler
                0x0000000008001d34                I2C1_EV_IRQHandler
                0x0000000008001d34                DMA1_Stream6_IRQHandler
                0x0000000008001d34                DMA1_Stream1_IRQHandler
                0x0000000008001d34                UART4_IRQHandler
                0x0000000008001d34                TIM3_IRQHandler
                0x0000000008001d34                RCC_IRQHandler
                0x0000000008001d34                TIM8_BRK_TIM12_IRQHandler
                0x0000000008001d34                Default_Handler
                0x0000000008001d34                ADC_IRQHandler
                0x0000000008001d34                DMA1_Stream7_IRQHandler
                0x0000000008001d34                TIM7_IRQHandler
                0x0000000008001d34                CAN2_TX_IRQHandler
                0x0000000008001d34                TIM5_IRQHandler
                0x0000000008001d34                DMA2_Stream7_IRQHandler
                0x0000000008001d34                I2C3_EV_IRQHandler
                0x0000000008001d34                RTC_WKUP_IRQHandler
                0x0000000008001d34                ETH_WKUP_IRQHandler
                0x0000000008001d34                SPI2_IRQHandler
                0x0000000008001d34                OTG_HS_EP1_IN_IRQHandler
                0x0000000008001d34                MemManage_Handler
                0x0000000008001d34                DMA1_Stream0_IRQHandler
                0x0000000008001d34                CAN1_TX_IRQHandler
                0x0000000008001d34                SVC_Handler
                0x0000000008001d34                FSMC_IRQHandler
                0x0000000008001d34                ETH_IRQHandler
                0x0000000008001d34                OTG_HS_EP1_OUT_IRQHandler
                0x0000000008001d34                WWDG_IRQHandler
                0x0000000008001d34                TIM2_IRQHandler
                0x0000000008001d34                OTG_FS_WKUP_IRQHandler
                0x0000000008001d34                TIM1_TRG_COM_TIM11_IRQHandler
                0x0000000008001d34                OTG_HS_IRQHandler
                0x0000000008001d34                USART2_IRQHandler
                0x0000000008001d34                I2C2_ER_IRQHandler
                0x0000000008001d34                CAN1_SCE_IRQHandler
                0x0000000008001d34                FLASH_IRQHandler
                0x0000000008001d34                DMA2_Stream4_IRQHandler
                0x0000000008001d34                BusFault_Handler
                0x0000000008001d34                OTG_FS_IRQHandler
                0x0000000008001d34                SPI3_IRQHandler
                0x0000000008001d34                DMA1_Stream4_IRQHandler
                0x0000000008001d34                I2C1_ER_IRQHandler
                0x0000000008001d34                DMA2_Stream6_IRQHandler
                0x0000000008001d34                RTC_Alarm_IRQHandler
 *fill*         0x0000000008001d36        0x2 00000000
 .text.rt_hw_dcmi_dma_init
                0x0000000008001d38       0xc4 build/board/drv_dcmi.o
 .text.rt_hw_dcmi_init
                0x0000000008001dfc       0xcc build/board/drv_dcmi.o
 .text.DCMI_IRQHandler
                0x0000000008001ec8       0x1c build/board/drv_dcmi.o
                0x0000000008001ec8                DCMI_IRQHandler
 .text.rt_dcmi_stop
                0x0000000008001ee4       0x14 build/board/drv_dcmi.o
                0x0000000008001ee4                rt_dcmi_stop
 .text.HAL_DCMI_FrameEventCallback
                0x0000000008001ef8       0x44 build/board/drv_dcmi.o
                0x0000000008001ef8                HAL_DCMI_FrameEventCallback
 .text.DMA2_Stream1_IRQHandler
                0x0000000008001f3c       0xe8 build/board/drv_dcmi.o
                0x0000000008001f3c                DMA2_Stream1_IRQHandler
 .text.rt_dcmi_init
                0x0000000008002024       0x48 build/board/drv_dcmi.o
 .text.rt_dcmi_open
                0x000000000800206c       0x30 build/board/drv_dcmi.o
 .text.rt_dcmi_close
                0x000000000800209c       0x2c build/board/drv_dcmi.o
 .text.rt_dcmi_control
                0x00000000080020c8       0x30 build/board/drv_dcmi.o
 .text.rt_dcmi_read
                0x00000000080020f8       0x30 build/board/drv_dcmi.o
 .text.rt_dcmi_write
                0x0000000008002128       0x30 build/board/drv_dcmi.o
 .text.dcmi_init
                0x0000000008002158      0x128 build/board/drv_dcmi.o
                0x0000000008002158                dcmi_init
 .text.SystemClock_Config
                0x0000000008002280      0x118 build/board/board.o
                0x0000000008002280                SystemClock_Config
 .text.HAL_MspInit
                0x0000000008002398       0x50 build/board/CubeMX_Config/Src/stm32f4xx_hal_msp.o
                0x0000000008002398                HAL_MspInit
 .text.HAL_DCMI_MspInit
                0x00000000080023e8      0x130 build/board/CubeMX_Config/Src/stm32f4xx_hal_msp.o
                0x00000000080023e8                HAL_DCMI_MspInit
 .text.HAL_SPI_MspInit
                0x0000000008002518      0x148 build/board/CubeMX_Config/Src/stm32f4xx_hal_msp.o
                0x0000000008002518                HAL_SPI_MspInit
 .text.HAL_UART_MspInit
                0x0000000008002660      0x108 build/board/CubeMX_Config/Src/stm32f4xx_hal_msp.o
                0x0000000008002660                HAL_UART_MspInit
 .text.HAL_UART_MspDeInit
                0x0000000008002768       0x6c build/board/CubeMX_Config/Src/stm32f4xx_hal_msp.o
                0x0000000008002768                HAL_UART_MspDeInit
 .text.HAL_FSMC_MspInit
                0x00000000080027d4       0xe0 build/board/CubeMX_Config/Src/stm32f4xx_hal_msp.o
 .text.HAL_SRAM_MspInit
                0x00000000080028b4       0x14 build/board/CubeMX_Config/Src/stm32f4xx_hal_msp.o
                0x00000000080028b4                HAL_SRAM_MspInit
 .text.plug_holes
                0x00000000080028c8      0x104 build/kernel/src/mem.o
 .text.rt_system_heap_init
                0x00000000080029cc      0x118 build/kernel/src/mem.o
                0x00000000080029cc                rt_system_heap_init
 .text.rt_malloc
                0x0000000008002ae4      0x290 build/kernel/src/mem.o
                0x0000000008002ae4                rt_malloc
 .text.rt_realloc
                0x0000000008002d74      0x1ac build/kernel/src/mem.o
                0x0000000008002d74                rt_realloc
 .text.rt_calloc
                0x0000000008002f20       0x3c build/kernel/src/mem.o
                0x0000000008002f20                rt_calloc
 .text.rt_free  0x0000000008002f5c      0x188 build/kernel/src/mem.o
                0x0000000008002f5c                rt_free
 .text.list_mem
                0x00000000080030e4       0x44 build/kernel/src/mem.o
                0x00000000080030e4                list_mem
 .text.rt_list_init
                0x0000000008003128       0x22 build/kernel/src/scheduler.o
 .text.rt_list_insert_before
                0x000000000800314a       0x32 build/kernel/src/scheduler.o
 .text.rt_list_remove
                0x000000000800317c       0x36 build/kernel/src/scheduler.o
 .text.rt_list_isempty
                0x00000000080031b2       0x24 build/kernel/src/scheduler.o
 *fill*         0x00000000080031d6        0x2 00000000
 .text._rt_scheduler_stack_check
                0x00000000080031d8       0x94 build/kernel/src/scheduler.o
 .text._get_highest_priority_thread
                0x000000000800326c       0x38 build/kernel/src/scheduler.o
 .text.rt_system_scheduler_init
                0x00000000080032a4       0x40 build/kernel/src/scheduler.o
                0x00000000080032a4                rt_system_scheduler_init
 .text.rt_system_scheduler_start
                0x00000000080032e4       0x38 build/kernel/src/scheduler.o
                0x00000000080032e4                rt_system_scheduler_start
 .text.rt_schedule
                0x000000000800331c      0x188 build/kernel/src/scheduler.o
                0x000000000800331c                rt_schedule
 .text.rt_schedule_insert_thread
                0x00000000080034a4       0xac build/kernel/src/scheduler.o
                0x00000000080034a4                rt_schedule_insert_thread
 .text.rt_schedule_remove_thread
                0x0000000008003550       0x70 build/kernel/src/scheduler.o
                0x0000000008003550                rt_schedule_remove_thread
 .text.rt_enter_critical
                0x00000000080035c0       0x2c build/kernel/src/scheduler.o
                0x00000000080035c0                rt_enter_critical
 .text.rt_exit_critical
                0x00000000080035ec       0x54 build/kernel/src/scheduler.o
                0x00000000080035ec                rt_exit_critical
 .text.rt_list_init
                0x0000000008003640       0x22 build/kernel/src/timer.o
 .text.rt_list_insert_after
                0x0000000008003662       0x32 build/kernel/src/timer.o
 .text.rt_list_remove
                0x0000000008003694       0x36 build/kernel/src/timer.o
 .text.rt_list_isempty
                0x00000000080036ca       0x24 build/kernel/src/timer.o
 .text._rt_timer_init
                0x00000000080036ee       0x68 build/kernel/src/timer.o
 .text.rt_timer_list_next_timeout
                0x0000000008003756       0x3e build/kernel/src/timer.o
 .text._rt_timer_remove
                0x0000000008003794       0x34 build/kernel/src/timer.o
 .text.rt_timer_init
                0x00000000080037c8       0x4c build/kernel/src/timer.o
                0x00000000080037c8                rt_timer_init
 .text.rt_timer_detach
                0x0000000008003814       0x8c build/kernel/src/timer.o
                0x0000000008003814                rt_timer_detach
 .text.rt_timer_start
                0x00000000080038a0      0x238 build/kernel/src/timer.o
                0x00000000080038a0                rt_timer_start
 .text.rt_timer_stop
                0x0000000008003ad8       0x94 build/kernel/src/timer.o
                0x0000000008003ad8                rt_timer_stop
 .text.rt_timer_control
                0x0000000008003b6c       0xd0 build/kernel/src/timer.o
                0x0000000008003b6c                rt_timer_control
 .text.rt_timer_check
                0x0000000008003c3c      0x108 build/kernel/src/timer.o
                0x0000000008003c3c                rt_timer_check
 .text.rt_soft_timer_check
                0x0000000008003d44      0x120 build/kernel/src/timer.o
                0x0000000008003d44                rt_soft_timer_check
 .text.rt_thread_timer_entry
                0x0000000008003e64       0x58 build/kernel/src/timer.o
 .text.rt_system_timer_init
                0x0000000008003ebc       0x34 build/kernel/src/timer.o
                0x0000000008003ebc                rt_system_timer_init
 .text.rt_system_timer_thread_init
                0x0000000008003ef0       0x68 build/kernel/src/timer.o
                0x0000000008003ef0                rt_system_timer_thread_init
 .text.rt_list_init
                0x0000000008003f58       0x22 build/kernel/src/thread.o
 .text.rt_list_insert_after
                0x0000000008003f7a       0x32 build/kernel/src/thread.o
 .text.rt_list_remove
                0x0000000008003fac       0x36 build/kernel/src/thread.o
 .text._rt_thread_cleanup_execute
                0x0000000008003fe2       0x2c build/kernel/src/thread.o
 *fill*         0x000000000800400e        0x2 00000000
 .text._rt_thread_exit
                0x0000000008004010       0x68 build/kernel/src/thread.o
 .text._rt_thread_init
                0x0000000008004078       0xf8 build/kernel/src/thread.o
 .text.rt_thread_init
                0x0000000008004170       0x70 build/kernel/src/thread.o
                0x0000000008004170                rt_thread_init
 .text.rt_thread_self
                0x00000000080041e0       0x18 build/kernel/src/thread.o
                0x00000000080041e0                rt_thread_self
 .text.rt_thread_startup
                0x00000000080041f8       0xa0 build/kernel/src/thread.o
                0x00000000080041f8                rt_thread_startup
 .text.rt_thread_detach
                0x0000000008004298       0xb4 build/kernel/src/thread.o
                0x0000000008004298                rt_thread_detach
 .text.rt_thread_create
                0x000000000800434c       0x62 build/kernel/src/thread.o
                0x000000000800434c                rt_thread_create
 *fill*         0x00000000080043ae        0x2 00000000
 .text.rt_thread_delete
                0x00000000080043b0       0xc0 build/kernel/src/thread.o
                0x00000000080043b0                rt_thread_delete
 .text.rt_thread_sleep
                0x0000000008004470       0x8c build/kernel/src/thread.o
                0x0000000008004470                rt_thread_sleep
 .text.rt_thread_delay
                0x00000000080044fc       0x18 build/kernel/src/thread.o
                0x00000000080044fc                rt_thread_delay
 .text.rt_thread_mdelay
                0x0000000008004514       0x20 build/kernel/src/thread.o
                0x0000000008004514                rt_thread_mdelay
 .text.rt_thread_control
                0x0000000008004534       0xf0 build/kernel/src/thread.o
                0x0000000008004534                rt_thread_control
 .text.rt_thread_suspend
                0x0000000008004624       0xcc build/kernel/src/thread.o
                0x0000000008004624                rt_thread_suspend
 .text.rt_thread_resume
                0x00000000080046f0       0x98 build/kernel/src/thread.o
                0x00000000080046f0                rt_thread_resume
 .text.rt_thread_timeout
                0x0000000008004788       0x84 build/kernel/src/thread.o
                0x0000000008004788                rt_thread_timeout
 .text.rt_list_remove
                0x000000000800480c       0x36 build/kernel/src/idle.o
 *fill*         0x0000000008004842        0x2 00000000
 .text._has_defunct_thread
                0x0000000008004844       0x2c build/kernel/src/idle.o
 .text.rt_thread_idle_excute
                0x0000000008004870       0x88 build/kernel/src/idle.o
                0x0000000008004870                rt_thread_idle_excute
 .text.rt_thread_idle_entry
                0x00000000080048f8       0x38 build/kernel/src/idle.o
 .text.rt_thread_idle_init
                0x0000000008004930       0x74 build/kernel/src/idle.o
                0x0000000008004930                rt_thread_idle_init
 .text.rt_list_insert_after
                0x00000000080049a4       0x32 build/kernel/src/object.o
 .text.rt_list_remove
                0x00000000080049d6       0x36 build/kernel/src/object.o
 .text.rt_object_get_information
                0x0000000008004a0c       0x48 build/kernel/src/object.o
                0x0000000008004a0c                rt_object_get_information
 .text.rt_object_init
                0x0000000008004a54       0xcc build/kernel/src/object.o
                0x0000000008004a54                rt_object_init
 .text.rt_object_detach
                0x0000000008004b20       0x5c build/kernel/src/object.o
                0x0000000008004b20                rt_object_detach
 .text.rt_object_allocate
                0x0000000008004b7c       0xd8 build/kernel/src/object.o
                0x0000000008004b7c                rt_object_allocate
 .text.rt_object_delete
                0x0000000008004c54       0x7c build/kernel/src/object.o
                0x0000000008004c54                rt_object_delete
 .text.rt_object_is_systemobject
                0x0000000008004cd0       0x3c build/kernel/src/object.o
                0x0000000008004cd0                rt_object_is_systemobject
 .text.rt_object_get_type
                0x0000000008004d0c       0x34 build/kernel/src/object.o
                0x0000000008004d0c                rt_object_get_type
 .text.rt_object_find
                0x0000000008004d40       0xb4 build/kernel/src/object.o
                0x0000000008004d40                rt_object_find
 .text.rt_set_errno
                0x0000000008004df4       0x40 build/kernel/src/kservice.o
                0x0000000008004df4                rt_set_errno
 .text._rt_errno
                0x0000000008004e34       0x34 build/kernel/src/kservice.o
                0x0000000008004e34                _rt_errno
 .text.rt_memset
                0x0000000008004e68       0xb6 build/kernel/src/kservice.o
                0x0000000008004e68                rt_memset
 .text.rt_memcpy
                0x0000000008004f1e       0xd2 build/kernel/src/kservice.o
                0x0000000008004f1e                rt_memcpy
 .text.rt_memmove
                0x0000000008004ff0       0x82 build/kernel/src/kservice.o
                0x0000000008004ff0                rt_memmove
 .text.rt_strncpy
                0x0000000008005072       0x64 build/kernel/src/kservice.o
                0x0000000008005072                rt_strncpy
 .text.rt_strncmp
                0x00000000080050d6       0x4a build/kernel/src/kservice.o
                0x00000000080050d6                rt_strncmp
 .text.rt_strcmp
                0x0000000008005120       0x44 build/kernel/src/kservice.o
                0x0000000008005120                rt_strcmp
 .text.rt_strlen
                0x0000000008005164       0x2e build/kernel/src/kservice.o
                0x0000000008005164                rt_strlen
 .text.rt_strdup
                0x0000000008005192       0x3a build/kernel/src/kservice.o
                0x0000000008005192                rt_strdup
 .text.rt_show_version
                0x00000000080051cc       0x44 build/kernel/src/kservice.o
                0x00000000080051cc                rt_show_version
 .text.divide   0x0000000008005210       0x68 build/kernel/src/kservice.o
 .text.skip_atoi
                0x0000000008005278       0x40 build/kernel/src/kservice.o
 .text.print_number
                0x00000000080052b8      0x1dc build/kernel/src/kservice.o
 .text.rt_vsnprintf
                0x0000000008005494      0x560 build/kernel/src/kservice.o
                0x0000000008005494                rt_vsnprintf
 .text.rt_snprintf
                0x00000000080059f4       0x30 build/kernel/src/kservice.o
                0x00000000080059f4                rt_snprintf
 .text.rt_vsprintf
                0x0000000008005a24       0x24 build/kernel/src/kservice.o
                0x0000000008005a24                rt_vsprintf
 .text.rt_sprintf
                0x0000000008005a48       0x2c build/kernel/src/kservice.o
                0x0000000008005a48                rt_sprintf
 .text.rt_console_get_device
                0x0000000008005a74       0x18 build/kernel/src/kservice.o
                0x0000000008005a74                rt_console_get_device
 .text.rt_console_set_device
                0x0000000008005a8c       0x58 build/kernel/src/kservice.o
                0x0000000008005a8c                rt_console_set_device
 .text.rt_hw_console_output
                0x0000000008005ae4       0x14 build/kernel/src/kservice.o
                0x0000000008005ae4                rt_hw_console_output
 .text.rt_kprintf
                0x0000000008005af8       0x80 build/kernel/src/kservice.o
                0x0000000008005af8                rt_kprintf
 .text.rt_assert_handler
                0x0000000008005b78       0x4c build/kernel/src/kservice.o
                0x0000000008005b78                rt_assert_handler
 .text.rt_tick_get
                0x0000000008005bc4       0x18 build/kernel/src/clock.o
                0x0000000008005bc4                rt_tick_get
 .text.rt_tick_increase
                0x0000000008005bdc       0x6c build/kernel/src/clock.o
                0x0000000008005bdc                rt_tick_increase
 .text.rt_tick_from_millisecond
                0x0000000008005c48       0x74 build/kernel/src/clock.o
                0x0000000008005c48                rt_tick_from_millisecond
 .text.rt_tick_get_millisecond
                0x0000000008005cbc       0x16 build/kernel/src/clock.o
                0x0000000008005cbc                rt_tick_get_millisecond
 .text.rti_start
                0x0000000008005cd2       0x10 build/kernel/src/components.o
 .text.rti_board_start
                0x0000000008005ce2       0x10 build/kernel/src/components.o
 .text.rti_board_end
                0x0000000008005cf2       0x10 build/kernel/src/components.o
 .text.rti_end  0x0000000008005d02       0x10 build/kernel/src/components.o
 *fill*         0x0000000008005d12        0x2 00000000
 .text.rt_components_board_init
                0x0000000008005d14       0x30 build/kernel/src/components.o
                0x0000000008005d14                rt_components_board_init
 .text.rt_components_init
                0x0000000008005d44       0x30 build/kernel/src/components.o
                0x0000000008005d44                rt_components_init
 .text.entry    0x0000000008005d74        0xe build/kernel/src/components.o
                0x0000000008005d74                entry
 .text.main_thread_entry
                0x0000000008005d82       0x18 build/kernel/src/components.o
                0x0000000008005d82                main_thread_entry
 *fill*         0x0000000008005d9a        0x2 00000000
 .text.rt_application_init
                0x0000000008005d9c       0x4c build/kernel/src/components.o
                0x0000000008005d9c                rt_application_init
 .text.rtthread_startup
                0x0000000008005de8       0x2e build/kernel/src/components.o
                0x0000000008005de8                rtthread_startup
 *fill*         0x0000000008005e16        0x2 00000000
 .text.rt_interrupt_enter
                0x0000000008005e18       0x40 build/kernel/src/irq.o
                0x0000000008005e18                rt_interrupt_enter
 .text.rt_interrupt_leave
                0x0000000008005e58       0x40 build/kernel/src/irq.o
                0x0000000008005e58                rt_interrupt_leave
 .text.rt_interrupt_get_nest
                0x0000000008005e98       0x28 build/kernel/src/irq.o
                0x0000000008005e98                rt_interrupt_get_nest
 .text.rt_list_init
                0x0000000008005ec0       0x22 build/kernel/src/ipc.o
 .text.rt_list_insert_before
                0x0000000008005ee2       0x32 build/kernel/src/ipc.o
 .text.rt_list_isempty
                0x0000000008005f14       0x24 build/kernel/src/ipc.o
 .text.rt_ipc_object_init
                0x0000000008005f38       0x1c build/kernel/src/ipc.o
 .text.rt_ipc_list_suspend
                0x0000000008005f54       0xa4 build/kernel/src/ipc.o
 .text.rt_ipc_list_resume
                0x0000000008005ff8       0x20 build/kernel/src/ipc.o
 .text.rt_ipc_list_resume_all
                0x0000000008006018       0x46 build/kernel/src/ipc.o
 *fill*         0x000000000800605e        0x2 00000000
 .text.rt_sem_init
                0x0000000008006060       0x68 build/kernel/src/ipc.o
                0x0000000008006060                rt_sem_init
 .text.rt_sem_take
                0x00000000080060c8      0x160 build/kernel/src/ipc.o
                0x00000000080060c8                rt_sem_take
 .text.rt_sem_release
                0x0000000008006228       0xbc build/kernel/src/ipc.o
                0x0000000008006228                rt_sem_release
 .text.rt_mutex_init
                0x00000000080062e4       0x64 build/kernel/src/ipc.o
                0x00000000080062e4                rt_mutex_init
 .text.rt_mutex_create
                0x0000000008006348       0x88 build/kernel/src/ipc.o
                0x0000000008006348                rt_mutex_create
 .text.rt_mutex_delete
                0x00000000080063d0       0xac build/kernel/src/ipc.o
                0x00000000080063d0                rt_mutex_delete
 .text.rt_mutex_take
                0x000000000800647c      0x1ec build/kernel/src/ipc.o
                0x000000000800647c                rt_mutex_take
 .text.rt_mutex_release
                0x0000000008006668      0x1bc build/kernel/src/ipc.o
                0x0000000008006668                rt_mutex_release
 .text.rt_list_init
                0x0000000008006824       0x22 build/kernel/src/device.o
 *fill*         0x0000000008006846        0x2 00000000
 .text.rt_wqueue_init
                0x0000000008006848       0x38 build/kernel/src/device.o
 .text.rt_device_register
                0x0000000008006880       0x64 build/kernel/src/device.o
                0x0000000008006880                rt_device_register
 .text.rt_device_find
                0x00000000080068e4       0x1a build/kernel/src/device.o
                0x00000000080068e4                rt_device_find
 *fill*         0x00000000080068fe        0x2 00000000
 .text.rt_device_open
                0x0000000008006900      0x118 build/kernel/src/device.o
                0x0000000008006900                rt_device_open
 .text.rt_device_close
                0x0000000008006a18       0x9c build/kernel/src/device.o
                0x0000000008006a18                rt_device_close
 .text.rt_device_read
                0x0000000008006ab4       0x88 build/kernel/src/device.o
                0x0000000008006ab4                rt_device_read
 .text.rt_device_write
                0x0000000008006b3c       0x88 build/kernel/src/device.o
                0x0000000008006b3c                rt_device_write
 .text.rt_device_control
                0x0000000008006bc4       0x68 build/kernel/src/device.o
                0x0000000008006bc4                rt_device_control
 .text.rt_device_set_rx_indicate
                0x0000000008006c2c       0x54 build/kernel/src/device.o
                0x0000000008006c2c                rt_device_set_rx_indicate
 .text.rt_hw_stack_init
                0x0000000008006c80       0x90 build/kernel/libcpu/arm/cortex-m4/cpuport.o
                0x0000000008006c80                rt_hw_stack_init
 .text.usage_fault_track
                0x0000000008006d10       0xc4 build/kernel/libcpu/arm/cortex-m4/cpuport.o
 .text.bus_fault_track
                0x0000000008006dd4       0xcc build/kernel/libcpu/arm/cortex-m4/cpuport.o
 .text.mem_manage_fault_track
                0x0000000008006ea0       0xb4 build/kernel/libcpu/arm/cortex-m4/cpuport.o
 .text.hard_fault_track
                0x0000000008006f54       0x78 build/kernel/libcpu/arm/cortex-m4/cpuport.o
 .text.rt_hw_hard_fault_exception
                0x0000000008006fcc      0x184 build/kernel/libcpu/arm/cortex-m4/cpuport.o
                0x0000000008006fcc                rt_hw_hard_fault_exception
 .text.rt_hw_cpu_reset
                0x0000000008007150       0x1c build/kernel/libcpu/arm/cortex-m4/cpuport.o
                0x0000000008007150                rt_hw_cpu_reset
 .text.__rt_ffs
                0x000000000800716c       0x2a build/kernel/libcpu/arm/cortex-m4/cpuport.o
                0x000000000800716c                __rt_ffs
 *fill*         0x0000000008007196        0x2 00000000
 .text.libc_stdio_set_console
                0x0000000008007198      0x100 build/kernel/components/libc/compilers/newlib/stdio.o
                0x0000000008007198                libc_stdio_set_console
 .text.libc_stdio_get_console
                0x0000000008007298       0x28 build/kernel/components/libc/compilers/newlib/stdio.o
                0x0000000008007298                libc_stdio_get_console
 .text.__errno  0x00000000080072c0        0xe build/kernel/components/libc/compilers/newlib/syscalls.o
                0x00000000080072c0                __errno
 .text._close_r
                0x00000000080072ce       0x1a build/kernel/components/libc/compilers/newlib/syscalls.o
                0x00000000080072ce                _close_r
 .text._fstat_r
                0x00000000080072e8       0x22 build/kernel/components/libc/compilers/newlib/syscalls.o
                0x00000000080072e8                _fstat_r
 .text._isatty_r
                0x000000000800730a       0x28 build/kernel/components/libc/compilers/newlib/syscalls.o
                0x000000000800730a                _isatty_r
 .text._lseek_r
                0x0000000008007332       0x24 build/kernel/components/libc/compilers/newlib/syscalls.o
                0x0000000008007332                _lseek_r
 .text._open_r  0x0000000008007356       0x24 build/kernel/components/libc/compilers/newlib/syscalls.o
                0x0000000008007356                _open_r
 .text._read_r  0x000000000800737a       0x24 build/kernel/components/libc/compilers/newlib/syscalls.o
                0x000000000800737a                _read_r
 .text._write_r
                0x000000000800739e       0x24 build/kernel/components/libc/compilers/newlib/syscalls.o
                0x000000000800739e                _write_r
 .text._malloc_r
                0x00000000080073c2       0x28 build/kernel/components/libc/compilers/newlib/syscalls.o
                0x00000000080073c2                _malloc_r
 .text._realloc_r
                0x00000000080073ea       0x2c build/kernel/components/libc/compilers/newlib/syscalls.o
                0x00000000080073ea                _realloc_r
 .text._calloc_r
                0x0000000008007416       0x2c build/kernel/components/libc/compilers/newlib/syscalls.o
                0x0000000008007416                _calloc_r
 .text._free_r  0x0000000008007442       0x18 build/kernel/components/libc/compilers/newlib/syscalls.o
                0x0000000008007442                _free_r
 .text._exit    0x000000000800745a       0x10 build/kernel/components/libc/compilers/newlib/syscalls.o
                0x000000000800745a                _exit
 *fill*         0x000000000800746a        0x2 00000000
 .text.libc_system_init
                0x000000000800746c       0x3c build/kernel/components/libc/compilers/newlib/libc.o
                0x000000000800746c                libc_system_init
 .text.__rt_libc_exit
                0x00000000080074a8       0x38 build/kernel/components/libc/compilers/common/stdlib.o
                0x00000000080074a8                __rt_libc_exit
 .text.__isleap
                0x00000000080074e0       0x60 build/kernel/components/libc/compilers/common/time.o
 .text.timegm   0x0000000008007540      0x3b0 build/kernel/components/libc/compilers/common/time.o
                0x0000000008007540                timegm
 .text.clock_time_system_init
                0x00000000080078f0       0x98 build/kernel/components/libc/compilers/common/time.o
 .text.dfs_register
                0x0000000008007988       0xc0 build/kernel/components/dfs/src/dfs_fs.o
                0x0000000008007988                dfs_register
 .text.dfs_filesystem_lookup
                0x0000000008007a48       0xc4 build/kernel/components/dfs/src/dfs_fs.o
                0x0000000008007a48                dfs_filesystem_lookup
 .text.dfs_mount
                0x0000000008007b0c      0x244 build/kernel/components/dfs/src/dfs_fs.o
                0x0000000008007b0c                dfs_mount
 .text.dfs_unmount
                0x0000000008007d50       0xe0 build/kernel/components/dfs/src/dfs_fs.o
                0x0000000008007d50                dfs_unmount
 .text.dfs_mkfs
                0x0000000008007e30      0x104 build/kernel/components/dfs/src/dfs_fs.o
                0x0000000008007e30                dfs_mkfs
 .text.dfs_statfs
                0x0000000008007f34       0x3e build/kernel/components/dfs/src/dfs_fs.o
                0x0000000008007f34                dfs_statfs
 .text.mkfs     0x0000000008007f72       0x1a build/kernel/components/dfs/src/dfs_fs.o
                0x0000000008007f72                mkfs
 .text.df       0x0000000008007f8c      0x1b8 build/kernel/components/dfs/src/dfs_fs.o
                0x0000000008007f8c                df
 .text.dfs_file_open
                0x0000000008008144      0x148 build/kernel/components/dfs/src/dfs_file.o
                0x0000000008008144                dfs_file_open
 .text.dfs_file_close
                0x000000000800828c       0x52 build/kernel/components/dfs/src/dfs_file.o
                0x000000000800828c                dfs_file_close
 .text.dfs_file_read
                0x00000000080082de       0x58 build/kernel/components/dfs/src/dfs_file.o
                0x00000000080082de                dfs_file_read
 .text.dfs_file_getdents
                0x0000000008008336       0x48 build/kernel/components/dfs/src/dfs_file.o
                0x0000000008008336                dfs_file_getdents
 *fill*         0x000000000800837e        0x2 00000000
 .text.dfs_file_unlink
                0x0000000008008380       0xcc build/kernel/components/dfs/src/dfs_file.o
                0x0000000008008380                dfs_file_unlink
 .text.dfs_file_write
                0x000000000800844c       0x40 build/kernel/components/dfs/src/dfs_file.o
                0x000000000800844c                dfs_file_write
 .text.dfs_file_lseek
                0x000000000800848c       0x4a build/kernel/components/dfs/src/dfs_file.o
                0x000000000800848c                dfs_file_lseek
 *fill*         0x00000000080084d6        0x2 00000000
 .text.dfs_file_stat
                0x00000000080084d8      0x134 build/kernel/components/dfs/src/dfs_file.o
                0x00000000080084d8                dfs_file_stat
 .text.dfs_file_rename
                0x000000000800860c       0xda build/kernel/components/dfs/src/dfs_file.o
                0x000000000800860c                dfs_file_rename
 *fill*         0x00000000080086e6        0x2 00000000
 .text.ls       0x00000000080086e8      0x120 build/kernel/components/dfs/src/dfs_file.o
                0x00000000080086e8                ls
 .text.rm       0x0000000008008808       0x28 build/kernel/components/dfs/src/dfs_file.o
                0x0000000008008808                rm
 .text.cat      0x0000000008008830       0x7c build/kernel/components/dfs/src/dfs_file.o
                0x0000000008008830                cat
 .text.copyfile
                0x00000000080088ac       0xe0 build/kernel/components/dfs/src/dfs_file.o
 .text.copydir  0x000000000800898c      0x18c build/kernel/components/dfs/src/dfs_file.o
 .text._get_path_lastname
                0x0000000008008b18       0x2c build/kernel/components/dfs/src/dfs_file.o
 .text.copy     0x0000000008008b44      0x15c build/kernel/components/dfs/src/dfs_file.o
                0x0000000008008b44                copy
 .text.dfs_init
                0x0000000008008ca0       0x9c build/kernel/components/dfs/src/dfs.o
                0x0000000008008ca0                dfs_init
 .text.dfs_lock
                0x0000000008008d3c       0x48 build/kernel/components/dfs/src/dfs.o
                0x0000000008008d3c                dfs_lock
 .text.dfs_unlock
                0x0000000008008d84       0x14 build/kernel/components/dfs/src/dfs.o
                0x0000000008008d84                dfs_unlock
 .text.fd_alloc
                0x0000000008008d98      0x110 build/kernel/components/dfs/src/dfs.o
 .text.fd_new   0x0000000008008ea8       0x78 build/kernel/components/dfs/src/dfs.o
                0x0000000008008ea8                fd_new
 .text.fd_get   0x0000000008008f20       0x80 build/kernel/components/dfs/src/dfs.o
                0x0000000008008f20                fd_get
 .text.fd_put   0x0000000008008fa0       0x88 build/kernel/components/dfs/src/dfs.o
                0x0000000008008fa0                fd_put
 .text.fd_is_open
                0x0000000008009028       0xe6 build/kernel/components/dfs/src/dfs.o
                0x0000000008009028                fd_is_open
 .text.dfs_subdir
                0x000000000800910e       0x50 build/kernel/components/dfs/src/dfs.o
                0x000000000800910e                dfs_subdir
 *fill*         0x000000000800915e        0x2 00000000
 .text.dfs_normalize_path
                0x0000000008009160      0x208 build/kernel/components/dfs/src/dfs.o
                0x0000000008009160                dfs_normalize_path
 .text.dfs_fdtable_get
                0x0000000008009368       0x1c build/kernel/components/dfs/src/dfs.o
                0x0000000008009368                dfs_fdtable_get
 .text.list_fd  0x0000000008009384      0x148 build/kernel/components/dfs/src/dfs.o
                0x0000000008009384                list_fd
 .text.open     0x00000000080094cc       0x6c build/kernel/components/dfs/src/dfs_posix.o
                0x00000000080094cc                open
 .text.close    0x0000000008009538       0x54 build/kernel/components/dfs/src/dfs_posix.o
                0x0000000008009538                close
 .text.read     0x000000000800958c       0x5c build/kernel/components/dfs/src/dfs_posix.o
                0x000000000800958c                read
 .text.write    0x00000000080095e8       0x5c build/kernel/components/dfs/src/dfs_posix.o
                0x00000000080095e8                write
 .text.lseek    0x0000000008009644       0xb2 build/kernel/components/dfs/src/dfs_posix.o
                0x0000000008009644                lseek
 .text.rename   0x00000000080096f6       0x30 build/kernel/components/dfs/src/dfs_posix.o
                0x00000000080096f6                rename
 .text.unlink   0x0000000008009726       0x2c build/kernel/components/dfs/src/dfs_posix.o
                0x0000000008009726                unlink
 .text.stat     0x0000000008009752       0x30 build/kernel/components/dfs/src/dfs_posix.o
                0x0000000008009752                stat
 *fill*         0x0000000008009782        0x2 00000000
 .text.mkdir    0x0000000008009784       0x78 build/kernel/components/dfs/src/dfs_posix.o
                0x0000000008009784                mkdir
 .text.opendir  0x00000000080097fc       0x98 build/kernel/components/dfs/src/dfs_posix.o
                0x00000000080097fc                opendir
 .text.readdir  0x0000000008009894       0xbc build/kernel/components/dfs/src/dfs_posix.o
                0x0000000008009894                readdir
 .text.rewinddir
                0x0000000008009950       0x52 build/kernel/components/dfs/src/dfs_posix.o
                0x0000000008009950                rewinddir
 .text.closedir
                0x00000000080099a2       0x5e build/kernel/components/dfs/src/dfs_posix.o
                0x00000000080099a2                closedir
 .text.chdir    0x0000000008009a00       0xac build/kernel/components/dfs/src/dfs_posix.o
                0x0000000008009a00                chdir
 .text.getcwd   0x0000000008009aac       0x2c build/kernel/components/dfs/src/dfs_posix.o
                0x0000000008009aac                getcwd
 .text.ff_uni2oem
                0x0000000008009ad8       0x74 build/kernel/components/dfs/filesystems/elmfat/ffunicode.o
                0x0000000008009ad8                ff_uni2oem
 .text.ff_oem2uni
                0x0000000008009b4c       0x58 build/kernel/components/dfs/filesystems/elmfat/ffunicode.o
                0x0000000008009b4c                ff_oem2uni
 .text.ff_wtoupper
                0x0000000008009ba4      0x124 build/kernel/components/dfs/filesystems/elmfat/ffunicode.o
                0x0000000008009ba4                ff_wtoupper
 .text.elm_result_to_dfs
                0x0000000008009cc8       0xa0 build/kernel/components/dfs/filesystems/elmfat/dfs_elm.o
 .text.get_disk
                0x0000000008009d68       0x40 build/kernel/components/dfs/filesystems/elmfat/dfs_elm.o
 .text.dfs_elm_mount
                0x0000000008009da8      0x164 build/kernel/components/dfs/filesystems/elmfat/dfs_elm.o
                0x0000000008009da8                dfs_elm_mount
 .text.dfs_elm_unmount
                0x0000000008009f0c       0xa8 build/kernel/components/dfs/filesystems/elmfat/dfs_elm.o
                0x0000000008009f0c                dfs_elm_unmount
 .text.dfs_elm_mkfs
                0x0000000008009fb4      0x168 build/kernel/components/dfs/filesystems/elmfat/dfs_elm.o
                0x0000000008009fb4                dfs_elm_mkfs
 .text.dfs_elm_statfs
                0x000000000800a11c       0xb8 build/kernel/components/dfs/filesystems/elmfat/dfs_elm.o
                0x000000000800a11c                dfs_elm_statfs
 .text.dfs_elm_open
                0x000000000800a1d4      0x1f8 build/kernel/components/dfs/filesystems/elmfat/dfs_elm.o
                0x000000000800a1d4                dfs_elm_open
 .text.dfs_elm_close
                0x000000000800a3cc       0x88 build/kernel/components/dfs/filesystems/elmfat/dfs_elm.o
                0x000000000800a3cc                dfs_elm_close
 .text.dfs_elm_ioctl
                0x000000000800a454       0x90 build/kernel/components/dfs/filesystems/elmfat/dfs_elm.o
                0x000000000800a454                dfs_elm_ioctl
 .text.dfs_elm_read
                0x000000000800a4e4       0x74 build/kernel/components/dfs/filesystems/elmfat/dfs_elm.o
                0x000000000800a4e4                dfs_elm_read
 .text.dfs_elm_write
                0x000000000800a558       0x7c build/kernel/components/dfs/filesystems/elmfat/dfs_elm.o
                0x000000000800a558                dfs_elm_write
 .text.dfs_elm_flush
                0x000000000800a5d4       0x44 build/kernel/components/dfs/filesystems/elmfat/dfs_elm.o
                0x000000000800a5d4                dfs_elm_flush
 .text.dfs_elm_lseek
                0x000000000800a618       0xbc build/kernel/components/dfs/filesystems/elmfat/dfs_elm.o
                0x000000000800a618                dfs_elm_lseek
 .text.dfs_elm_getdents
                0x000000000800a6d4      0x194 build/kernel/components/dfs/filesystems/elmfat/dfs_elm.o
                0x000000000800a6d4                dfs_elm_getdents
 .text.dfs_elm_unlink
                0x000000000800a868       0x70 build/kernel/components/dfs/filesystems/elmfat/dfs_elm.o
                0x000000000800a868                dfs_elm_unlink
 .text.dfs_elm_rename
                0x000000000800a8d8       0x78 build/kernel/components/dfs/filesystems/elmfat/dfs_elm.o
                0x000000000800a8d8                dfs_elm_rename
 .text.dfs_elm_stat
                0x000000000800a950      0x20c build/kernel/components/dfs/filesystems/elmfat/dfs_elm.o
                0x000000000800a950                dfs_elm_stat
 .text.elm_init
                0x000000000800ab5c       0x14 build/kernel/components/dfs/filesystems/elmfat/dfs_elm.o
                0x000000000800ab5c                elm_init
 .text.disk_initialize
                0x000000000800ab70       0x18 build/kernel/components/dfs/filesystems/elmfat/dfs_elm.o
                0x000000000800ab70                disk_initialize
 .text.disk_status
                0x000000000800ab88       0x18 build/kernel/components/dfs/filesystems/elmfat/dfs_elm.o
                0x000000000800ab88                disk_status
 .text.disk_read
                0x000000000800aba0       0x44 build/kernel/components/dfs/filesystems/elmfat/dfs_elm.o
                0x000000000800aba0                disk_read
 .text.disk_write
                0x000000000800abe4       0x44 build/kernel/components/dfs/filesystems/elmfat/dfs_elm.o
                0x000000000800abe4                disk_write
 .text.disk_ioctl
                0x000000000800ac28       0xe4 build/kernel/components/dfs/filesystems/elmfat/dfs_elm.o
                0x000000000800ac28                disk_ioctl
 .text.get_fattime
                0x000000000800ad0c       0x18 build/kernel/components/dfs/filesystems/elmfat/dfs_elm.o
                0x000000000800ad0c                get_fattime
 .text.ff_cre_syncobj
                0x000000000800ad24       0x48 build/kernel/components/dfs/filesystems/elmfat/dfs_elm.o
                0x000000000800ad24                ff_cre_syncobj
 .text.ff_del_syncobj
                0x000000000800ad6c       0x1e build/kernel/components/dfs/filesystems/elmfat/dfs_elm.o
                0x000000000800ad6c                ff_del_syncobj
 .text.ff_req_grant
                0x000000000800ad8a       0x26 build/kernel/components/dfs/filesystems/elmfat/dfs_elm.o
                0x000000000800ad8a                ff_req_grant
 .text.ff_rel_grant
                0x000000000800adb0       0x16 build/kernel/components/dfs/filesystems/elmfat/dfs_elm.o
                0x000000000800adb0                ff_rel_grant
 .text.ff_memalloc
                0x000000000800adc6       0x18 build/kernel/components/dfs/filesystems/elmfat/dfs_elm.o
                0x000000000800adc6                ff_memalloc
 .text.ff_memfree
                0x000000000800adde       0x16 build/kernel/components/dfs/filesystems/elmfat/dfs_elm.o
                0x000000000800adde                ff_memfree
 .text.ld_word  0x000000000800adf4       0x30 build/kernel/components/dfs/filesystems/elmfat/ff.o
 .text.ld_dword
                0x000000000800ae24       0x46 build/kernel/components/dfs/filesystems/elmfat/ff.o
 .text.st_word  0x000000000800ae6a       0x36 build/kernel/components/dfs/filesystems/elmfat/ff.o
 .text.st_dword
                0x000000000800aea0       0x58 build/kernel/components/dfs/filesystems/elmfat/ff.o
 .text.mem_cpy  0x000000000800aef8       0x42 build/kernel/components/dfs/filesystems/elmfat/ff.o
 .text.mem_set  0x000000000800af3a       0x34 build/kernel/components/dfs/filesystems/elmfat/ff.o
 .text.mem_cmp  0x000000000800af6e       0x4e build/kernel/components/dfs/filesystems/elmfat/ff.o
 .text.chk_chr  0x000000000800afbc       0x36 build/kernel/components/dfs/filesystems/elmfat/ff.o
 .text.dbc_1st  0x000000000800aff2       0x22 build/kernel/components/dfs/filesystems/elmfat/ff.o
 .text.dbc_2nd  0x000000000800b014       0x22 build/kernel/components/dfs/filesystems/elmfat/ff.o
 .text.tchar2uni
                0x000000000800b036       0x8a build/kernel/components/dfs/filesystems/elmfat/ff.o
 .text.put_utf  0x000000000800b0c0       0x70 build/kernel/components/dfs/filesystems/elmfat/ff.o
 .text.lock_fs  0x000000000800b130       0x1c build/kernel/components/dfs/filesystems/elmfat/ff.o
 .text.unlock_fs
                0x000000000800b14c       0x36 build/kernel/components/dfs/filesystems/elmfat/ff.o
 .text.sync_window
                0x000000000800b182       0x78 build/kernel/components/dfs/filesystems/elmfat/ff.o
 .text.move_window
                0x000000000800b1fa       0x5a build/kernel/components/dfs/filesystems/elmfat/ff.o
 .text.sync_fs  0x000000000800b254       0xdc build/kernel/components/dfs/filesystems/elmfat/ff.o
 .text.clst2sect
                0x000000000800b330       0x3e build/kernel/components/dfs/filesystems/elmfat/ff.o
 .text.get_fat  0x000000000800b36e      0x14a build/kernel/components/dfs/filesystems/elmfat/ff.o
 .text.put_fat  0x000000000800b4b8      0x1ce build/kernel/components/dfs/filesystems/elmfat/ff.o
 .text.remove_chain
                0x000000000800b686       0xca build/kernel/components/dfs/filesystems/elmfat/ff.o
 .text.create_chain
                0x000000000800b750      0x1a2 build/kernel/components/dfs/filesystems/elmfat/ff.o
 .text.clmt_clust
                0x000000000800b8f2       0x68 build/kernel/components/dfs/filesystems/elmfat/ff.o
 .text.dir_clear
                0x000000000800b95a      0x11e build/kernel/components/dfs/filesystems/elmfat/ff.o
 .text.dir_sdi  0x000000000800ba78       0xf6 build/kernel/components/dfs/filesystems/elmfat/ff.o
 .text.dir_next
                0x000000000800bb6e      0x12c build/kernel/components/dfs/filesystems/elmfat/ff.o
 .text.dir_alloc
                0x000000000800bc9a       0x8e build/kernel/components/dfs/filesystems/elmfat/ff.o
 .text.ld_clust
                0x000000000800bd28       0x3e build/kernel/components/dfs/filesystems/elmfat/ff.o
 .text.st_clust
                0x000000000800bd66       0x40 build/kernel/components/dfs/filesystems/elmfat/ff.o
 *fill*         0x000000000800bda6        0x2 00000000
 .text.cmp_lfn  0x000000000800bda8       0xdc build/kernel/components/dfs/filesystems/elmfat/ff.o
 .text.pick_lfn
                0x000000000800be84       0xcc build/kernel/components/dfs/filesystems/elmfat/ff.o
 .text.put_lfn  0x000000000800bf50       0xd0 build/kernel/components/dfs/filesystems/elmfat/ff.o
 .text.gen_numname
                0x000000000800c020      0x146 build/kernel/components/dfs/filesystems/elmfat/ff.o
 .text.sum_sfn  0x000000000800c166       0x42 build/kernel/components/dfs/filesystems/elmfat/ff.o
 .text.dir_read
                0x000000000800c1a8      0x14e build/kernel/components/dfs/filesystems/elmfat/ff.o
 .text.dir_find
                0x000000000800c2f6      0x180 build/kernel/components/dfs/filesystems/elmfat/ff.o
 *fill*         0x000000000800c476        0x2 00000000
 .text.dir_register
                0x000000000800c478      0x1f0 build/kernel/components/dfs/filesystems/elmfat/ff.o
 .text.dir_remove
                0x000000000800c668       0x94 build/kernel/components/dfs/filesystems/elmfat/ff.o
 .text.get_fileinfo
                0x000000000800c6fc      0x22e build/kernel/components/dfs/filesystems/elmfat/ff.o
 *fill*         0x000000000800c92a        0x2 00000000
 .text.create_name
                0x000000000800c92c      0x3b0 build/kernel/components/dfs/filesystems/elmfat/ff.o
 .text.follow_path
                0x000000000800ccdc       0xde build/kernel/components/dfs/filesystems/elmfat/ff.o
 .text.get_ldnumber
                0x000000000800cdba       0x8a build/kernel/components/dfs/filesystems/elmfat/ff.o
 .text.check_fs
                0x000000000800ce44      0x118 build/kernel/components/dfs/filesystems/elmfat/ff.o
 .text.find_volume
                0x000000000800cf5c       0xc4 build/kernel/components/dfs/filesystems/elmfat/ff.o
 .text.mount_volume
                0x000000000800d020      0x40c build/kernel/components/dfs/filesystems/elmfat/ff.o
 .text.validate
                0x000000000800d42c       0x8e build/kernel/components/dfs/filesystems/elmfat/ff.o
 *fill*         0x000000000800d4ba        0x2 00000000
 .text.f_mount  0x000000000800d4bc       0xbc build/kernel/components/dfs/filesystems/elmfat/ff.o
                0x000000000800d4bc                f_mount
 .text.f_open   0x000000000800d578      0x344 build/kernel/components/dfs/filesystems/elmfat/ff.o
                0x000000000800d578                f_open
 .text.f_read   0x000000000800d8bc      0x2dc build/kernel/components/dfs/filesystems/elmfat/ff.o
                0x000000000800d8bc                f_read
 .text.f_write  0x000000000800db98      0x348 build/kernel/components/dfs/filesystems/elmfat/ff.o
                0x000000000800db98                f_write
 .text.f_sync   0x000000000800dee0      0x112 build/kernel/components/dfs/filesystems/elmfat/ff.o
                0x000000000800dee0                f_sync
 .text.f_close  0x000000000800dff2       0x4a build/kernel/components/dfs/filesystems/elmfat/ff.o
                0x000000000800dff2                f_close
 .text.f_lseek  0x000000000800e03c      0x4a6 build/kernel/components/dfs/filesystems/elmfat/ff.o
                0x000000000800e03c                f_lseek
 .text.f_opendir
                0x000000000800e4e2       0xe8 build/kernel/components/dfs/filesystems/elmfat/ff.o
                0x000000000800e4e2                f_opendir
 .text.f_readdir
                0x000000000800e5ca       0xb0 build/kernel/components/dfs/filesystems/elmfat/ff.o
                0x000000000800e5ca                f_readdir
 .text.f_seekdir
                0x000000000800e67a       0x5e build/kernel/components/dfs/filesystems/elmfat/ff.o
                0x000000000800e67a                f_seekdir
 .text.f_stat   0x000000000800e6d8       0xaa build/kernel/components/dfs/filesystems/elmfat/ff.o
                0x000000000800e6d8                f_stat
 .text.f_getfree
                0x000000000800e782      0x178 build/kernel/components/dfs/filesystems/elmfat/ff.o
                0x000000000800e782                f_getfree
 .text.f_truncate
                0x000000000800e8fa      0x156 build/kernel/components/dfs/filesystems/elmfat/ff.o
                0x000000000800e8fa                f_truncate
 .text.f_unlink
                0x000000000800ea50      0x174 build/kernel/components/dfs/filesystems/elmfat/ff.o
                0x000000000800ea50                f_unlink
 .text.f_mkdir  0x000000000800ebc4      0x1d2 build/kernel/components/dfs/filesystems/elmfat/ff.o
                0x000000000800ebc4                f_mkdir
 .text.f_rename
                0x000000000800ed96      0x234 build/kernel/components/dfs/filesystems/elmfat/ff.o
                0x000000000800ed96                f_rename
 *fill*         0x000000000800efca        0x2 00000000
 .text.create_partition
                0x000000000800efcc      0x248 build/kernel/components/dfs/filesystems/elmfat/ff.o
 .text.f_mkfs   0x000000000800f214      0x934 build/kernel/components/dfs/filesystems/elmfat/ff.o
                0x000000000800f214                f_mkfs
 .text.elm_get_vol
                0x000000000800fb48       0x40 build/kernel/components/dfs/filesystems/elmfat/ff.o
                0x000000000800fb48                elm_get_vol
 .text.dfs_device_fs_mount
                0x000000000800fb88       0x1a build/kernel/components/dfs/filesystems/devfs/devfs.o
                0x000000000800fb88                dfs_device_fs_mount
 *fill*         0x000000000800fba2        0x2 00000000
 .text.dfs_device_fs_ioctl
                0x000000000800fba4       0x60 build/kernel/components/dfs/filesystems/devfs/devfs.o
                0x000000000800fba4                dfs_device_fs_ioctl
 .text.dfs_device_fs_read
                0x000000000800fc04       0x68 build/kernel/components/dfs/filesystems/devfs/devfs.o
                0x000000000800fc04                dfs_device_fs_read
 .text.dfs_device_fs_write
                0x000000000800fc6c       0x68 build/kernel/components/dfs/filesystems/devfs/devfs.o
                0x000000000800fc6c                dfs_device_fs_write
 .text.dfs_device_fs_close
                0x000000000800fcd4       0x8c build/kernel/components/dfs/filesystems/devfs/devfs.o
                0x000000000800fcd4                dfs_device_fs_close
 .text.dfs_device_fs_open
                0x000000000800fd60      0x178 build/kernel/components/dfs/filesystems/devfs/devfs.o
                0x000000000800fd60                dfs_device_fs_open
 .text.dfs_device_fs_stat
                0x000000000800fed8       0xf2 build/kernel/components/dfs/filesystems/devfs/devfs.o
                0x000000000800fed8                dfs_device_fs_stat
 *fill*         0x000000000800ffca        0x2 00000000
 .text.dfs_device_fs_getdents
                0x000000000800ffcc       0xdc build/kernel/components/dfs/filesystems/devfs/devfs.o
                0x000000000800ffcc                dfs_device_fs_getdents
 .text.dfs_device_fs_poll
                0x00000000080100a8       0x1c build/kernel/components/dfs/filesystems/devfs/devfs.o
 .text.devfs_init
                0x00000000080100c4       0x14 build/kernel/components/dfs/filesystems/devfs/devfs.o
                0x00000000080100c4                devfs_init
 .text.finsh_error_init
                0x00000000080100d8       0x1c build/kernel/components/finsh/finsh_error.o
                0x00000000080100d8                finsh_error_init
 .text.finsh_error_set
                0x00000000080100f4       0x24 build/kernel/components/finsh/finsh_error.o
                0x00000000080100f4                finsh_error_set
 .text.finsh_errno
                0x0000000008010118       0x18 build/kernel/components/finsh/finsh_error.o
                0x0000000008010118                finsh_errno
 .text.finsh_error_string
                0x0000000008010130       0x24 build/kernel/components/finsh/finsh_error.o
                0x0000000008010130                finsh_error_string
 .text.finsh_vm_run
                0x0000000008010154       0x64 build/kernel/components/finsh/finsh_vm.o
                0x0000000008010154                finsh_vm_run
 .text.finsh_syscall_lookup
                0x00000000080101b8       0x84 build/kernel/components/finsh/finsh_vm.o
                0x00000000080101b8                finsh_syscall_lookup
 .text.finsh_var_init
                0x000000000801023c       0x18 build/kernel/components/finsh/finsh_var.o
                0x000000000801023c                finsh_var_init
 .text.finsh_var_insert
                0x0000000008010254       0xb4 build/kernel/components/finsh/finsh_var.o
                0x0000000008010254                finsh_var_insert
 .text.finsh_var_lookup
                0x0000000008010308       0x60 build/kernel/components/finsh/finsh_var.o
                0x0000000008010308                finsh_var_lookup
 .text.finsh_sysvar_lookup
                0x0000000008010368       0x84 build/kernel/components/finsh/finsh_var.o
                0x0000000008010368                finsh_sysvar_lookup
 .text.finsh_compile
                0x00000000080103ec     0x1870 build/kernel/components/finsh/finsh_compiler.o
 .text.finsh_type_check
                0x0000000008011c5c      0x220 build/kernel/components/finsh/finsh_compiler.o
 .text.finsh_compiler_run
                0x0000000008011e7c       0x88 build/kernel/components/finsh/finsh_compiler.o
                0x0000000008011e7c                finsh_compiler_run
 .text.finsh_token_init
                0x0000000008011f04       0x24 build/kernel/components/finsh/finsh_token.o
                0x0000000008011f04                finsh_token_init
 .text.finsh_token_token
                0x0000000008011f28       0x2a build/kernel/components/finsh/finsh_token.o
                0x0000000008011f28                finsh_token_token
 .text.token_get_string
                0x0000000008011f52       0xa6 build/kernel/components/finsh/finsh_token.o
                0x0000000008011f52                token_get_string
 .text.token_next_char
                0x0000000008011ff8       0x68 build/kernel/components/finsh/finsh_token.o
 .text.token_prev_char
                0x0000000008012060       0x34 build/kernel/components/finsh/finsh_token.o
 .text.token_run
                0x0000000008012094      0x344 build/kernel/components/finsh/finsh_token.o
 .text.token_match_name
                0x00000000080123d8       0x54 build/kernel/components/finsh/finsh_token.o
 .text.token_trim_space
                0x000000000801242c       0x32 build/kernel/components/finsh/finsh_token.o
 .text.token_proc_char
                0x000000000801245e       0xda build/kernel/components/finsh/finsh_token.o
 .text.token_proc_string
                0x0000000008012538       0x70 build/kernel/components/finsh/finsh_token.o
 .text.token_proc_escape
                0x00000000080125a8      0x24c build/kernel/components/finsh/finsh_token.o
 .text.token_proc_number
                0x00000000080127f4      0x1ee build/kernel/components/finsh/finsh_token.o
 .text.token_spec_number
                0x00000000080129e2       0xfe build/kernel/components/finsh/finsh_token.o
 .text.finsh_heap_init
                0x0000000008012ae0       0x3c build/kernel/components/finsh/finsh_heap.o
                0x0000000008012ae0                finsh_heap_init
 .text.finsh_heap_allocate
                0x0000000008012b1c       0xa8 build/kernel/components/finsh/finsh_heap.o
                0x0000000008012b1c                finsh_heap_allocate
 .text.finsh_heap_free
                0x0000000008012bc4       0x38 build/kernel/components/finsh/finsh_heap.o
                0x0000000008012bc4                finsh_heap_free
 .text.finsh_heap_gc
                0x0000000008012bfc       0x88 build/kernel/components/finsh/finsh_heap.o
 .text.finsh_block_insert
                0x0000000008012c84       0x84 build/kernel/components/finsh/finsh_heap.o
 .text.finsh_block_remove
                0x0000000008012d08       0x5a build/kernel/components/finsh/finsh_heap.o
 .text.finsh_block_split
                0x0000000008012d62       0x44 build/kernel/components/finsh/finsh_heap.o
 .text.finsh_block_merge
                0x0000000008012da6       0xea build/kernel/components/finsh/finsh_heap.o
 .text.msh_readline
                0x0000000008012e90       0xa2 build/kernel/components/finsh/msh_file.o
 *fill*         0x0000000008012f32        0x2 00000000
 .text.msh_exec_script
                0x0000000008012f34      0x17c build/kernel/components/finsh/msh_file.o
                0x0000000008012f34                msh_exec_script
 .text.cmd_ls   0x00000000080130b0       0x34 build/kernel/components/finsh/msh_file.o
 .text.cmd_cp   0x00000000080130e4       0x44 build/kernel/components/finsh/msh_file.o
 .text.cmd_mv   0x0000000008013128      0x138 build/kernel/components/finsh/msh_file.o
 .text.cmd_cat  0x0000000008013260       0x58 build/kernel/components/finsh/msh_file.o
 .text.directory_delete_for_msh
                0x00000000080132b8      0x13c build/kernel/components/finsh/msh_file.o
 .text.cmd_rm   0x00000000080133f4      0x1c4 build/kernel/components/finsh/msh_file.o
 .text.cmd_cd   0x00000000080135b8       0x58 build/kernel/components/finsh/msh_file.o
 .text.cmd_pwd  0x0000000008013610       0x24 build/kernel/components/finsh/msh_file.o
 .text.cmd_mkdir
                0x0000000008013634       0x40 build/kernel/components/finsh/msh_file.o
 .text.cmd_mkfs
                0x0000000008013674       0x90 build/kernel/components/finsh/msh_file.o
 .text.cmd_mount
                0x0000000008013704       0xe0 build/kernel/components/finsh/msh_file.o
 .text.cmd_umount
                0x00000000080137e4       0x64 build/kernel/components/finsh/msh_file.o
 .text.cmd_df   0x0000000008013848       0x70 build/kernel/components/finsh/msh_file.o
 .text.cmd_echo
                0x00000000080138b8       0x94 build/kernel/components/finsh/msh_file.o
 .text.cmd_tail
                0x000000000801394c      0x1b0 build/kernel/components/finsh/msh_file.o
 .text.finsh_init
                0x0000000008013afc       0x28 build/kernel/components/finsh/finsh_init.o
                0x0000000008013afc                finsh_init
 .text.finsh_stack_bottom
                0x0000000008013b24       0x18 build/kernel/components/finsh/finsh_init.o
                0x0000000008013b24                finsh_stack_bottom
 .text.finsh_flush
                0x0000000008013b3c       0x20 build/kernel/components/finsh/finsh_init.o
                0x0000000008013b3c                finsh_flush
 .text.rt_list_isempty
                0x0000000008013b5c       0x24 build/kernel/components/finsh/cmd.o
 .text.rt_list_len
                0x0000000008013b80       0x36 build/kernel/components/finsh/cmd.o
 *fill*         0x0000000008013bb6        0x2 00000000
 .text.hello    0x0000000008013bb8       0x14 build/kernel/components/finsh/cmd.o
                0x0000000008013bb8                hello
 .text.clear    0x0000000008013bcc       0x14 build/kernel/components/finsh/cmd.o
 .text.version  0x0000000008013be0        0xe build/kernel/components/finsh/cmd.o
                0x0000000008013be0                version
 *fill*         0x0000000008013bee        0x2 00000000
 .text.object_split
                0x0000000008013bf0       0x28 build/kernel/components/finsh/cmd.o
 .text.list_find_init
                0x0000000008013c18       0x46 build/kernel/components/finsh/cmd.o
 .text.list_get_next
                0x0000000008013c5e       0xc6 build/kernel/components/finsh/cmd.o
 .text.list_thread
                0x0000000008013d24      0x208 build/kernel/components/finsh/cmd.o
                0x0000000008013d24                list_thread
 .text.show_wait_queue
                0x0000000008013f2c       0x50 build/kernel/components/finsh/cmd.o
 .text.list_sem
                0x0000000008013f7c      0x12c build/kernel/components/finsh/cmd.o
                0x0000000008013f7c                list_sem
 .text.list_event
                0x00000000080140a8      0x118 build/kernel/components/finsh/cmd.o
                0x00000000080140a8                list_event
 .text.list_mutex
                0x00000000080141c0       0xe8 build/kernel/components/finsh/cmd.o
                0x00000000080141c0                list_mutex
 .text.list_mailbox
                0x00000000080142a8      0x13c build/kernel/components/finsh/cmd.o
                0x00000000080142a8                list_mailbox
 .text.list_msgqueue
                0x00000000080143e4      0x12c build/kernel/components/finsh/cmd.o
                0x00000000080143e4                list_msgqueue
 .text.list_mempool
                0x0000000008014510      0x144 build/kernel/components/finsh/cmd.o
                0x0000000008014510                list_mempool
 .text.list_timer
                0x0000000008014654      0x108 build/kernel/components/finsh/cmd.o
                0x0000000008014654                list_timer
 .text.list_device
                0x000000000801475c       0xf0 build/kernel/components/finsh/cmd.o
                0x000000000801475c                list_device
 .text.list     0x000000000801484c       0xf0 build/kernel/components/finsh/cmd.o
                0x000000000801484c                list
 .text.str_is_prefix
                0x000000000801493c       0x48 build/kernel/components/finsh/cmd.o
 .text.str_common
                0x0000000008014984       0x4a build/kernel/components/finsh/cmd.o
 *fill*         0x00000000080149ce        0x2 00000000
 .text.list_prefix
                0x00000000080149d0      0x294 build/kernel/components/finsh/cmd.o
                0x00000000080149d0                list_prefix
 .text.msh_is_used
                0x0000000008014c64       0x18 build/kernel/components/finsh/msh.o
                0x0000000008014c64                msh_is_used
 .text.msh_exit
                0x0000000008014c7c       0x24 build/kernel/components/finsh/msh.o
 .text.msh_enter
                0x0000000008014ca0       0x1c build/kernel/components/finsh/msh.o
 .text.msh_help
                0x0000000008014cbc       0x7c build/kernel/components/finsh/msh.o
                0x0000000008014cbc                msh_help
 .text.cmd_ps   0x0000000008014d38       0x18 build/kernel/components/finsh/msh.o
                0x0000000008014d38                cmd_ps
 .text.cmd_free
                0x0000000008014d50       0x18 build/kernel/components/finsh/msh.o
                0x0000000008014d50                cmd_free
 .text.msh_split
                0x0000000008014d68      0x170 build/kernel/components/finsh/msh.o
 .text.msh_get_cmd
                0x0000000008014ed8       0x80 build/kernel/components/finsh/msh.o
 .text._msh_exec_cmd
                0x0000000008014f58       0xd4 build/kernel/components/finsh/msh.o
 .text.msh_exec
                0x000000000801502c       0xa0 build/kernel/components/finsh/msh.o
                0x000000000801502c                msh_exec
 .text.str_common
                0x00000000080150cc       0x4a build/kernel/components/finsh/msh.o
 *fill*         0x0000000008015116        0x2 00000000
 .text.msh_auto_complete_path
                0x0000000008015118      0x228 build/kernel/components/finsh/msh.o
                0x0000000008015118                msh_auto_complete_path
 .text.msh_auto_complete
                0x0000000008015340      0x104 build/kernel/components/finsh/msh.o
                0x0000000008015340                msh_auto_complete
 .text.OP_no_op
                0x0000000008015444        0xe build/kernel/components/finsh/finsh_ops.o
                0x0000000008015444                OP_no_op
 *fill*         0x0000000008015452        0x2 00000000
 .text.OP_add_byte
                0x0000000008015454       0x38 build/kernel/components/finsh/finsh_ops.o
                0x0000000008015454                OP_add_byte
 .text.OP_add_word
                0x000000000801548c       0x44 build/kernel/components/finsh/finsh_ops.o
                0x000000000801548c                OP_add_word
 .text.OP_add_dword
                0x00000000080154d0       0x38 build/kernel/components/finsh/finsh_ops.o
                0x00000000080154d0                OP_add_dword
 .text.OP_sub_byte
                0x0000000008015508       0x38 build/kernel/components/finsh/finsh_ops.o
                0x0000000008015508                OP_sub_byte
 .text.OP_sub_word
                0x0000000008015540       0x44 build/kernel/components/finsh/finsh_ops.o
                0x0000000008015540                OP_sub_word
 .text.OP_sub_dword
                0x0000000008015584       0x38 build/kernel/components/finsh/finsh_ops.o
                0x0000000008015584                OP_sub_dword
 .text.OP_div_byte
                0x00000000080155bc       0x3c build/kernel/components/finsh/finsh_ops.o
                0x00000000080155bc                OP_div_byte
 .text.OP_div_word
                0x00000000080155f8       0x40 build/kernel/components/finsh/finsh_ops.o
                0x00000000080155f8                OP_div_word
 .text.OP_div_dword
                0x0000000008015638       0x38 build/kernel/components/finsh/finsh_ops.o
                0x0000000008015638                OP_div_dword
 .text.OP_mod_byte
                0x0000000008015670       0x40 build/kernel/components/finsh/finsh_ops.o
                0x0000000008015670                OP_mod_byte
 .text.OP_mod_word
                0x00000000080156b0       0x44 build/kernel/components/finsh/finsh_ops.o
                0x00000000080156b0                OP_mod_word
 .text.OP_mod_dword
                0x00000000080156f4       0x40 build/kernel/components/finsh/finsh_ops.o
                0x00000000080156f4                OP_mod_dword
 .text.OP_mul_byte
                0x0000000008015734       0x3c build/kernel/components/finsh/finsh_ops.o
                0x0000000008015734                OP_mul_byte
 .text.OP_mul_word
                0x0000000008015770       0x44 build/kernel/components/finsh/finsh_ops.o
                0x0000000008015770                OP_mul_word
 .text.OP_mul_dword
                0x00000000080157b4       0x38 build/kernel/components/finsh/finsh_ops.o
                0x00000000080157b4                OP_mul_dword
 .text.OP_and_byte
                0x00000000080157ec       0x38 build/kernel/components/finsh/finsh_ops.o
                0x00000000080157ec                OP_and_byte
 .text.OP_and_word
                0x0000000008015824       0x3c build/kernel/components/finsh/finsh_ops.o
                0x0000000008015824                OP_and_word
 .text.OP_and_dword
                0x0000000008015860       0x38 build/kernel/components/finsh/finsh_ops.o
                0x0000000008015860                OP_and_dword
 .text.OP_or_byte
                0x0000000008015898       0x38 build/kernel/components/finsh/finsh_ops.o
                0x0000000008015898                OP_or_byte
 .text.OP_or_word
                0x00000000080158d0       0x3c build/kernel/components/finsh/finsh_ops.o
                0x00000000080158d0                OP_or_word
 .text.OP_or_dword
                0x000000000801590c       0x38 build/kernel/components/finsh/finsh_ops.o
                0x000000000801590c                OP_or_dword
 .text.OP_xor_byte
                0x0000000008015944       0x38 build/kernel/components/finsh/finsh_ops.o
                0x0000000008015944                OP_xor_byte
 .text.OP_xor_word
                0x000000000801597c       0x3c build/kernel/components/finsh/finsh_ops.o
                0x000000000801597c                OP_xor_word
 .text.OP_xor_dword
                0x00000000080159b8       0x38 build/kernel/components/finsh/finsh_ops.o
                0x00000000080159b8                OP_xor_dword
 .text.OP_bw_byte
                0x00000000080159f0       0x28 build/kernel/components/finsh/finsh_ops.o
                0x00000000080159f0                OP_bw_byte
 .text.OP_bw_word
                0x0000000008015a18       0x28 build/kernel/components/finsh/finsh_ops.o
                0x0000000008015a18                OP_bw_word
 .text.OP_bw_dword
                0x0000000008015a40       0x24 build/kernel/components/finsh/finsh_ops.o
                0x0000000008015a40                OP_bw_dword
 .text.OP_shl_byte
                0x0000000008015a64       0x3c build/kernel/components/finsh/finsh_ops.o
                0x0000000008015a64                OP_shl_byte
 .text.OP_shl_word
                0x0000000008015aa0       0x40 build/kernel/components/finsh/finsh_ops.o
                0x0000000008015aa0                OP_shl_word
 .text.OP_shl_dword
                0x0000000008015ae0       0x38 build/kernel/components/finsh/finsh_ops.o
                0x0000000008015ae0                OP_shl_dword
 .text.OP_shr_byte
                0x0000000008015b18       0x3c build/kernel/components/finsh/finsh_ops.o
                0x0000000008015b18                OP_shr_byte
 .text.OP_shr_word